14:34:26 **** Build of project hello_dna_bsp ****
make -k all 
Running Make include in psu_cortexa53_0/libsrc/csudma_v1_2/src
make -C psu_cortexa53_0/libsrc/csudma_v1_2/src -s include  "SHELL=/bin/sh" "COMPILER=aarch64-none-elf-gcc" "ARCHIVER=aarch64-none-elf-ar" "COMPILER_FLAGS=  -O2 -c" "EXTRA_COMPILER_FLAGS=-g -Wall -Wextra"
Running Make include in psu_cortexa53_0/libsrc/standalone_v6_7/src
make -C psu_cortexa53_0/libsrc/standalone_v6_7/src -s include  "SHELL=/bin/sh" "COMPILER=aarch64-none-elf-gcc" "ARCHIVER=aarch64-none-elf-ar" "COMPILER_FLAGS=  -O2 -c" "EXTRA_COMPILER_FLAGS=-g -Wall -Wextra"
Running Make include in psu_cortexa53_0/libsrc/zdma_v1_5/src
make -C psu_cortexa53_0/libsrc/zdma_v1_5/src -s include  "SHELL=/bin/sh" "COMPILER=aarch64-none-elf-gcc" "ARCHIVER=aarch64-none-elf-ar" "COMPILER_FLAGS=  -O2 -c" "EXTRA_COMPILER_FLAGS=-g -Wall -Wextra"
Running Make include in psu_cortexa53_0/libsrc/ipipsu_v2_3/src
make -C psu_cortexa53_0/libsrc/ipipsu_v2_3/src -s include  "SHELL=/bin/sh" "COMPILER=aarch64-none-elf-gcc" "ARCHIVER=aarch64-none-elf-ar" "COMPILER_FLAGS=  -O2 -c" "EXTRA_COMPILER_FLAGS=-g -Wall -Wextra"
Running Make include in psu_cortexa53_0/libsrc/gpiops_v3_3/src
make -C psu_cortexa53_0/libsrc/gpiops_v3_3/src -s include  "SHELL=/bin/sh" "COMPILER=aarch64-none-elf-gcc" "ARCHIVER=aarch64-none-elf-ar" "COMPILER_FLAGS=  -O2 -c" "EXTRA_COMPILER_FLAGS=-g -Wall -Wextra"
Running Make include in psu_cortexa53_0/libsrc/scugic_v3_9/src
make -C psu_cortexa53_0/libsrc/scugic_v3_9/src -s include  "SHELL=/bin/sh" "COMPILER=aarch64-none-elf-gcc" "ARCHIVER=aarch64-none-elf-ar" "COMPILER_FLAGS=  -O2 -c" "EXTRA_COMPILER_FLAGS=-g -Wall -Wextra"
Running Make include in psu_cortexa53_0/libsrc/uartps_v3_6/src
make -C psu_cortexa53_0/libsrc/uartps_v3_6/src -s include  "SHELL=/bin/sh" "COMPILER=aarch64-none-elf-gcc" "ARCHIVER=aarch64-none-elf-ar" "COMPILER_FLAGS=  -O2 -c" "EXTRA_COMPILER_FLAGS=-g -Wall -Wextra"
Running Make include in psu_cortexa53_0/libsrc/avbuf_v2_2/src
make -C psu_cortexa53_0/libsrc/avbuf_v2_2/src -s include  "SHELL=/bin/sh" "COMPILER=aarch64-none-elf-gcc" "ARCHIVER=aarch64-none-elf-ar" "COMPILER_FLAGS=  -O2 -c" "EXTRA_COMPILER_FLAGS=-g -Wall -Wextra"
Running Make include in psu_cortexa53_0/libsrc/dpdma_v1_1/src
make -C psu_cortexa53_0/libsrc/dpdma_v1_1/src -s include  "SHELL=/bin/sh" "COMPILER=aarch64-none-elf-gcc" "ARCHIVER=aarch64-none-elf-ar" "COMPILER_FLAGS=  -O2 -c" "EXTRA_COMPILER_FLAGS=-g -Wall -Wextra"
Running Make include in psu_cortexa53_0/libsrc/sysmonpsu_v2_4/src
make -C psu_cortexa53_0/libsrc/sysmonpsu_v2_4/src -s include  "SHELL=/bin/sh" "COMPILER=aarch64-none-elf-gcc" "ARCHIVER=aarch64-none-elf-ar" "COMPILER_FLAGS=  -O2 -c" "EXTRA_COMPILER_FLAGS=-g -Wall -Wextra"
Running Make include in psu_cortexa53_0/libsrc/video_common_v4_4/src
make -C psu_cortexa53_0/libsrc/video_common_v4_4/src -s include  "SHELL=/bin/sh" "COMPILER=aarch64-none-elf-gcc" "ARCHIVER=aarch64-none-elf-ar" "COMPILER_FLAGS=  -O2 -c" "EXTRA_COMPILER_FLAGS=-g -Wall -Wextra"
Running Make include in psu_cortexa53_0/libsrc/rtcpsu_v1_5/src
make -C psu_cortexa53_0/libsrc/rtcpsu_v1_5/src -s include  "SHELL=/bin/sh" "COMPILER=aarch64-none-elf-gcc" "ARCHIVER=aarch64-none-elf-ar" "COMPILER_FLAGS=  -O2 -c" "EXTRA_COMPILER_FLAGS=-g -Wall -Wextra"
Running Make include in psu_cortexa53_0/libsrc/ddrcpsu_v1_1/src
make -C psu_cortexa53_0/libsrc/ddrcpsu_v1_1/src -s include  "SHELL=/bin/sh" "COMPILER=aarch64-none-elf-gcc" "ARCHIVER=aarch64-none-elf-ar" "COMPILER_FLAGS=  -O2 -c" "EXTRA_COMPILER_FLAGS=-g -Wall -Wextra"
Running Make include in psu_cortexa53_0/libsrc/spips_v3_1/src
make -C psu_cortexa53_0/libsrc/spips_v3_1/src -s include  "SHELL=/bin/sh" "COMPILER=aarch64-none-elf-gcc" "ARCHIVER=aarch64-none-elf-ar" "COMPILER_FLAGS=  -O2 -c" "EXTRA_COMPILER_FLAGS=-g -Wall -Wextra"
Running Make include in psu_cortexa53_0/libsrc/cpu_cortexa53_v1_5/src
make -C psu_cortexa53_0/libsrc/cpu_cortexa53_v1_5/src -s include  "SHELL=/bin/sh" "COMPILER=aarch64-none-elf-gcc" "ARCHIVER=aarch64-none-elf-ar" "COMPILER_FLAGS=  -O2 -c" "EXTRA_COMPILER_FLAGS=-g -Wall -Wextra"
Running Make include in psu_cortexa53_0/libsrc/ttcps_v3_6/src
make -C psu_cortexa53_0/libsrc/ttcps_v3_6/src -s include  "SHELL=/bin/sh" "COMPILER=aarch64-none-elf-gcc" "ARCHIVER=aarch64-none-elf-ar" "COMPILER_FLAGS=  -O2 -c" "EXTRA_COMPILER_FLAGS=-g -Wall -Wextra"
Running Make include in psu_cortexa53_0/libsrc/resetps_v1_1/src
make -C psu_cortexa53_0/libsrc/resetps_v1_1/src -s include  "SHELL=/bin/sh" "COMPILER=aarch64-none-elf-gcc" "ARCHIVER=aarch64-none-elf-ar" "COMPILER_FLAGS=  -O2 -c" "EXTRA_COMPILER_FLAGS=-g -Wall -Wextra"
Running Make include in psu_cortexa53_0/libsrc/wdtps_v3_0/src
make -C psu_cortexa53_0/libsrc/wdtps_v3_0/src -s include  "SHELL=/bin/sh" "COMPILER=aarch64-none-elf-gcc" "ARCHIVER=aarch64-none-elf-ar" "COMPILER_FLAGS=  -O2 -c" "EXTRA_COMPILER_FLAGS=-g -Wall -Wextra"
Running Make include in psu_cortexa53_0/libsrc/axipmon_v6_6/src
make -C psu_cortexa53_0/libsrc/axipmon_v6_6/src -s include  "SHELL=/bin/sh" "COMPILER=aarch64-none-elf-gcc" "ARCHIVER=aarch64-none-elf-ar" "COMPILER_FLAGS=  -O2 -c" "EXTRA_COMPILER_FLAGS=-g -Wall -Wextra"
Running Make include in psu_cortexa53_0/libsrc/iicps_v3_7/src
make -C psu_cortexa53_0/libsrc/iicps_v3_7/src -s include  "SHELL=/bin/sh" "COMPILER=aarch64-none-elf-gcc" "ARCHIVER=aarch64-none-elf-ar" "COMPILER_FLAGS=  -O2 -c" "EXTRA_COMPILER_FLAGS=-g -Wall -Wextra"
Running Make include in psu_cortexa53_0/libsrc/sdps_v3_5/src
make -C psu_cortexa53_0/libsrc/sdps_v3_5/src -s include  "SHELL=/bin/sh" "COMPILER=aarch64-none-elf-gcc" "ARCHIVER=aarch64-none-elf-ar" "COMPILER_FLAGS=  -O2 -c" "EXTRA_COMPILER_FLAGS=-g -Wall -Wextra"
Running Make include in psu_cortexa53_0/libsrc/coresightps_dcc_v1_4/src
make -C psu_cortexa53_0/libsrc/coresightps_dcc_v1_4/src -s include  "SHELL=/bin/sh" "COMPILER=aarch64-none-elf-gcc" "ARCHIVER=aarch64-none-elf-ar" "COMPILER_FLAGS=  -O2 -c" "EXTRA_COMPILER_FLAGS=-g -Wall -Wextra"
Running Make include in psu_cortexa53_0/libsrc/usbpsu_v1_4/src
make -C psu_cortexa53_0/libsrc/usbpsu_v1_4/src -s include  "SHELL=/bin/sh" "COMPILER=aarch64-none-elf-gcc" "ARCHIVER=aarch64-none-elf-ar" "COMPILER_FLAGS=  -O2 -c" "EXTRA_COMPILER_FLAGS=-g -Wall -Wextra"
Running Make libs in psu_cortexa53_0/libsrc/csudma_v1_2/src
make -C psu_cortexa53_0/libsrc/csudma_v1_2/src -s libs  "SHELL=/bin/sh" "COMPILER=aarch64-none-elf-gcc" "ARCHIVER=aarch64-none-elf-ar" "COMPILER_FLAGS=  -O2 -c" "EXTRA_COMPILER_FLAGS=-g -Wall -Wextra"
Compiling csudma
aarch64-none-elf-ar: creating ../../../lib/libxil.a
Running Make libs in psu_cortexa53_0/libsrc/standalone_v6_7/src
make -C psu_cortexa53_0/libsrc/standalone_v6_7/src -s libs  "SHELL=/bin/sh" "COMPILER=aarch64-none-elf-gcc" "ARCHIVER=aarch64-none-elf-ar" "COMPILER_FLAGS=  -O2 -c" "EXTRA_COMPILER_FLAGS=-g -Wall -Wextra"
Compiling standalone A53
In file included from sleep.c:63:0:
xtime_l.h:81:9: note: #pragma message: For the sleep routines, Global timer is being used
 #pragma message ("For the sleep routines, Global timer is being used")
         ^~~~~~~
In file included from xil_sleeptimer.c:55:0:
xtime_l.h:81:9: note: #pragma message: For the sleep routines, Global timer is being used
 #pragma message ("For the sleep routines, Global timer is being used")
         ^~~~~~~
In file included from xtime_l.c:56:0:
xtime_l.h:81:9: note: #pragma message: For the sleep routines, Global timer is being used
 #pragma message ("For the sleep routines, Global timer is being used")
         ^~~~~~~
translation_table.S:149:2: warning: #warning "There's no DDR_1 in the HW design. MMU translation table marks 32 GB DDR address space as undefined" [-Wcpp]
 #warning "There's no DDR_1 in the HW design. MMU translation table marks 32 GB DDR address space as undefined"
  ^~~~~~~
Running Make libs in psu_cortexa53_0/libsrc/zdma_v1_5/src
make -C psu_cortexa53_0/libsrc/zdma_v1_5/src -s libs  "SHELL=/bin/sh" "COMPILER=aarch64-none-elf-gcc" "ARCHIVER=aarch64-none-elf-ar" "COMPILER_FLAGS=  -O2 -c" "EXTRA_COMPILER_FLAGS=-g -Wall -Wextra"
Compiling zdma
Running Make libs in psu_cortexa53_0/libsrc/ipipsu_v2_3/src
make -C psu_cortexa53_0/libsrc/ipipsu_v2_3/src -s libs  "SHELL=/bin/sh" "COMPILER=aarch64-none-elf-gcc" "ARCHIVER=aarch64-none-elf-ar" "COMPILER_FLAGS=  -O2 -c" "EXTRA_COMPILER_FLAGS=-g -Wall -Wextra"
Compiling ipipsu
Running Make libs in psu_cortexa53_0/libsrc/gpiops_v3_3/src
make -C psu_cortexa53_0/libsrc/gpiops_v3_3/src -s libs  "SHELL=/bin/sh" "COMPILER=aarch64-none-elf-gcc" "ARCHIVER=aarch64-none-elf-ar" "COMPILER_FLAGS=  -O2 -c" "EXTRA_COMPILER_FLAGS=-g -Wall -Wextra"
Compiling gpiops
Running Make libs in psu_cortexa53_0/libsrc/scugic_v3_9/src
make -C psu_cortexa53_0/libsrc/scugic_v3_9/src -s libs  "SHELL=/bin/sh" "COMPILER=aarch64-none-elf-gcc" "ARCHIVER=aarch64-none-elf-ar" "COMPILER_FLAGS=  -O2 -c" "EXTRA_COMPILER_FLAGS=-g -Wall -Wextra"
Compiling scugic
Running Make libs in psu_cortexa53_0/libsrc/uartps_v3_6/src
make -C psu_cortexa53_0/libsrc/uartps_v3_6/src -s libs  "SHELL=/bin/sh" "COMPILER=aarch64-none-elf-gcc" "ARCHIVER=aarch64-none-elf-ar" "COMPILER_FLAGS=  -O2 -c" "EXTRA_COMPILER_FLAGS=-g -Wall -Wextra"
Compiling uartps
Running Make libs in psu_cortexa53_0/libsrc/avbuf_v2_2/src
make -C psu_cortexa53_0/libsrc/avbuf_v2_2/src -s libs  "SHELL=/bin/sh" "COMPILER=aarch64-none-elf-gcc" "ARCHIVER=aarch64-none-elf-ar" "COMPILER_FLAGS=  -O2 -c" "EXTRA_COMPILER_FLAGS=-g -Wall -Wextra"
Compiling avbuf
Running Make libs in psu_cortexa53_0/libsrc/dpdma_v1_1/src
make -C psu_cortexa53_0/libsrc/dpdma_v1_1/src -s libs  "SHELL=/bin/sh" "COMPILER=aarch64-none-elf-gcc" "ARCHIVER=aarch64-none-elf-ar" "COMPILER_FLAGS=  -O2 -c" "EXTRA_COMPILER_FLAGS=-g -Wall -Wextra"
Compiling dpdma
Running Make libs in psu_cortexa53_0/libsrc/sysmonpsu_v2_4/src
make -C psu_cortexa53_0/libsrc/sysmonpsu_v2_4/src -s libs  "SHELL=/bin/sh" "COMPILER=aarch64-none-elf-gcc" "ARCHIVER=aarch64-none-elf-ar" "COMPILER_FLAGS=  -O2 -c" "EXTRA_COMPILER_FLAGS=-g -Wall -Wextra"
Compiling sysmonpsu
Running Make libs in psu_cortexa53_0/libsrc/video_common_v4_4/src
make -C psu_cortexa53_0/libsrc/video_common_v4_4/src -s libs  "SHELL=/bin/sh" "COMPILER=aarch64-none-elf-gcc" "ARCHIVER=aarch64-none-elf-ar" "COMPILER_FLAGS=  -O2 -c" "EXTRA_COMPILER_FLAGS=-g -Wall -Wextra"
Compiling video_common
Running Make libs in psu_cortexa53_0/libsrc/rtcpsu_v1_5/src
make -C psu_cortexa53_0/libsrc/rtcpsu_v1_5/src -s libs  "SHELL=/bin/sh" "COMPILER=aarch64-none-elf-gcc" "ARCHIVER=aarch64-none-elf-ar" "COMPILER_FLAGS=  -O2 -c" "EXTRA_COMPILER_FLAGS=-g -Wall -Wextra"
Compiling rtcpsu
Running Make libs in psu_cortexa53_0/libsrc/ddrcpsu_v1_1/src
make -C psu_cortexa53_0/libsrc/ddrcpsu_v1_1/src -s libs  "SHELL=/bin/sh" "COMPILER=aarch64-none-elf-gcc" "ARCHIVER=aarch64-none-elf-ar" "COMPILER_FLAGS=  -O2 -c" "EXTRA_COMPILER_FLAGS=-g -Wall -Wextra"
Compiling ddrcpsu
Running Make libs in psu_cortexa53_0/libsrc/spips_v3_1/src
make -C psu_cortexa53_0/libsrc/spips_v3_1/src -s libs  "SHELL=/bin/sh" "COMPILER=aarch64-none-elf-gcc" "ARCHIVER=aarch64-none-elf-ar" "COMPILER_FLAGS=  -O2 -c" "EXTRA_COMPILER_FLAGS=-g -Wall -Wextra"
Compiling spips
Running Make libs in psu_cortexa53_0/libsrc/cpu_cortexa53_v1_5/src
make -C psu_cortexa53_0/libsrc/cpu_cortexa53_v1_5/src -s libs  "SHELL=/bin/sh" "COMPILER=aarch64-none-elf-gcc" "ARCHIVER=aarch64-none-elf-ar" "COMPILER_FLAGS=  -O2 -c" "EXTRA_COMPILER_FLAGS=-g -Wall -Wextra"
Compiling cpu_cortexa53
Running Make libs in psu_cortexa53_0/libsrc/ttcps_v3_6/src
make -C psu_cortexa53_0/libsrc/ttcps_v3_6/src -s libs  "SHELL=/bin/sh" "COMPILER=aarch64-none-elf-gcc" "ARCHIVER=aarch64-none-elf-ar" "COMPILER_FLAGS=  -O2 -c" "EXTRA_COMPILER_FLAGS=-g -Wall -Wextra"
Compiling ttcps
Running Make libs in psu_cortexa53_0/libsrc/resetps_v1_1/src
make -C psu_cortexa53_0/libsrc/resetps_v1_1/src -s libs  "SHELL=/bin/sh" "COMPILER=aarch64-none-elf-gcc" "ARCHIVER=aarch64-none-elf-ar" "COMPILER_FLAGS=  -O2 -c" "EXTRA_COMPILER_FLAGS=-g -Wall -Wextra"
Compiling resetps
Running Make libs in psu_cortexa53_0/libsrc/wdtps_v3_0/src
make -C psu_cortexa53_0/libsrc/wdtps_v3_0/src -s libs  "SHELL=/bin/sh" "COMPILER=aarch64-none-elf-gcc" "ARCHIVER=aarch64-none-elf-ar" "COMPILER_FLAGS=  -O2 -c" "EXTRA_COMPILER_FLAGS=-g -Wall -Wextra"
Compiling wdtps
Running Make libs in psu_cortexa53_0/libsrc/axipmon_v6_6/src
make -C psu_cortexa53_0/libsrc/axipmon_v6_6/src -s libs  "SHELL=/bin/sh" "COMPILER=aarch64-none-elf-gcc" "ARCHIVER=aarch64-none-elf-ar" "COMPILER_FLAGS=  -O2 -c" "EXTRA_COMPILER_FLAGS=-g -Wall -Wextra"
Compiling axipmon
Running Make libs in psu_cortexa53_0/libsrc/iicps_v3_7/src
make -C psu_cortexa53_0/libsrc/iicps_v3_7/src -s libs  "SHELL=/bin/sh" "COMPILER=aarch64-none-elf-gcc" "ARCHIVER=aarch64-none-elf-ar" "COMPILER_FLAGS=  -O2 -c" "EXTRA_COMPILER_FLAGS=-g -Wall -Wextra"
Compiling iicps
Running Make libs in psu_cortexa53_0/libsrc/sdps_v3_5/src
make -C psu_cortexa53_0/libsrc/sdps_v3_5/src -s libs  "SHELL=/bin/sh" "COMPILER=aarch64-none-elf-gcc" "ARCHIVER=aarch64-none-elf-ar" "COMPILER_FLAGS=  -O2 -c" "EXTRA_COMPILER_FLAGS=-g -Wall -Wextra"
Compiling sdps
Running Make libs in psu_cortexa53_0/libsrc/coresightps_dcc_v1_4/src
make -C psu_cortexa53_0/libsrc/coresightps_dcc_v1_4/src -s libs  "SHELL=/bin/sh" "COMPILER=aarch64-none-elf-gcc" "ARCHIVER=aarch64-none-elf-ar" "COMPILER_FLAGS=  -O2 -c" "EXTRA_COMPILER_FLAGS=-g -Wall -Wextra"
Compiling coresightps_dcc
Running Make libs in psu_cortexa53_0/libsrc/usbpsu_v1_4/src
make -C psu_cortexa53_0/libsrc/usbpsu_v1_4/src -s libs  "SHELL=/bin/sh" "COMPILER=aarch64-none-elf-gcc" "ARCHIVER=aarch64-none-elf-ar" "COMPILER_FLAGS=  -O2 -c" "EXTRA_COMPILER_FLAGS=-g -Wall -Wextra"
Compiling usbpsu
Finished building libraries
14:34:37 **** Build of configuration Debug for project hello_dna ****
make all 
Building file: ../src/helloworld.c
Invoking: ARM v8 gcc compiler
aarch64-none-elf-gcc -Wall -O0 -g3 -c -fmessage-length=0 -MT"src/helloworld.o" -I../../hello_dna_bsp/psu_cortexa53_0/include -MMD -MP -MF"src/helloworld.d" -MT"src/helloworld.o" -o "src/helloworld.o" "../src/helloworld.c"
Finished building: ../src/helloworld.c
 
Building file: ../src/platform.c
Invoking: ARM v8 gcc compiler
aarch64-none-elf-gcc -Wall -O0 -g3 -c -fmessage-length=0 -MT"src/platform.o" -I../../hello_dna_bsp/psu_cortexa53_0/include -MMD -MP -MF"src/platform.d" -MT"src/platform.o" -o "src/platform.o" "../src/platform.c"
Finished building: ../src/platform.c
 
Building target: hello_dna.elf
Invoking: ARM v8 gcc linker
aarch64-none-elf-gcc -Wl,-T -Wl,../src/lscript.ld -L../../hello_dna_bsp/psu_cortexa53_0/lib -o "hello_dna.elf"  ./src/helloworld.o ./src/platform.o   -Wl,--start-group,-lxil,-lgcc,-lc,--end-group
Finished building target: hello_dna.elf
 
Invoking: ARM v8 Print Size
aarch64-none-elf-size hello_dna.elf  |tee "hello_dna.elf.size"
   text	   data	    bss	    dec	    hex	filename
  30484	   2344	  20664	  53492	   d0f4	hello_dna.elf
Finished building: hello_dna.elf.size
 
14:34:39 **** Auto Build of configuration Debug for project hello_dna ****
make all 
make: Nothing to be done for 'all'.
14:35:56 **** Incremental Build of configuration Debug for project hello_dna ****
make all 
make: Nothing to be done for 'all'.
14:36:18 **** Incremental Build of configuration Debug for project hello_dna ****
make all 
make: Nothing to be done for 'all'.
14:41:43 **** Build of project hello_dna_bsp ****
make -k all 
Running Make include in psu_cortexa53_0/libsrc/csudma_v1_2/src
make -C psu_cortexa53_0/libsrc/csudma_v1_2/src -s include  "SHELL=/bin/sh" "COMPILER=aarch64-none-elf-gcc" "ARCHIVER=aarch64-none-elf-ar" "COMPILER_FLAGS=  -O2 -c" "EXTRA_COMPILER_FLAGS=-g -Wall -Wextra"
Running Make include in psu_cortexa53_0/libsrc/standalone_v6_7/src
make -C psu_cortexa53_0/libsrc/standalone_v6_7/src -s include  "SHELL=/bin/sh" "COMPILER=aarch64-none-elf-gcc" "ARCHIVER=aarch64-none-elf-ar" "COMPILER_FLAGS=  -O2 -c" "EXTRA_COMPILER_FLAGS=-g -Wall -Wextra"
Running Make include in psu_cortexa53_0/libsrc/zdma_v1_5/src
make -C psu_cortexa53_0/libsrc/zdma_v1_5/src -s include  "SHELL=/bin/sh" "COMPILER=aarch64-none-elf-gcc" "ARCHIVER=aarch64-none-elf-ar" "COMPILER_FLAGS=  -O2 -c" "EXTRA_COMPILER_FLAGS=-g -Wall -Wextra"
Running Make include in psu_cortexa53_0/libsrc/ipipsu_v2_3/src
make -C psu_cortexa53_0/libsrc/ipipsu_v2_3/src -s include  "SHELL=/bin/sh" "COMPILER=aarch64-none-elf-gcc" "ARCHIVER=aarch64-none-elf-ar" "COMPILER_FLAGS=  -O2 -c" "EXTRA_COMPILER_FLAGS=-g -Wall -Wextra"
Running Make include in psu_cortexa53_0/libsrc/gpiops_v3_3/src
make -C psu_cortexa53_0/libsrc/gpiops_v3_3/src -s include  "SHELL=/bin/sh" "COMPILER=aarch64-none-elf-gcc" "ARCHIVER=aarch64-none-elf-ar" "COMPILER_FLAGS=  -O2 -c" "EXTRA_COMPILER_FLAGS=-g -Wall -Wextra"
Running Make include in psu_cortexa53_0/libsrc/scugic_v3_9/src
make -C psu_cortexa53_0/libsrc/scugic_v3_9/src -s include  "SHELL=/bin/sh" "COMPILER=aarch64-none-elf-gcc" "ARCHIVER=aarch64-none-elf-ar" "COMPILER_FLAGS=  -O2 -c" "EXTRA_COMPILER_FLAGS=-g -Wall -Wextra"
Running Make include in psu_cortexa53_0/libsrc/uartps_v3_6/src
make -C psu_cortexa53_0/libsrc/uartps_v3_6/src -s include  "SHELL=/bin/sh" "COMPILER=aarch64-none-elf-gcc" "ARCHIVER=aarch64-none-elf-ar" "COMPILER_FLAGS=  -O2 -c" "EXTRA_COMPILER_FLAGS=-g -Wall -Wextra"
Running Make include in psu_cortexa53_0/libsrc/avbuf_v2_2/src
make -C psu_cortexa53_0/libsrc/avbuf_v2_2/src -s include  "SHELL=/bin/sh" "COMPILER=aarch64-none-elf-gcc" "ARCHIVER=aarch64-none-elf-ar" "COMPILER_FLAGS=  -O2 -c" "EXTRA_COMPILER_FLAGS=-g -Wall -Wextra"
Running Make include in psu_cortexa53_0/libsrc/dpdma_v1_1/src
make -C psu_cortexa53_0/libsrc/dpdma_v1_1/src -s include  "SHELL=/bin/sh" "COMPILER=aarch64-none-elf-gcc" "ARCHIVER=aarch64-none-elf-ar" "COMPILER_FLAGS=  -O2 -c" "EXTRA_COMPILER_FLAGS=-g -Wall -Wextra"
Running Make include in psu_cortexa53_0/libsrc/sysmonpsu_v2_4/src
make -C psu_cortexa53_0/libsrc/sysmonpsu_v2_4/src -s include  "SHELL=/bin/sh" "COMPILER=aarch64-none-elf-gcc" "ARCHIVER=aarch64-none-elf-ar" "COMPILER_FLAGS=  -O2 -c" "EXTRA_COMPILER_FLAGS=-g -Wall -Wextra"
Running Make include in psu_cortexa53_0/libsrc/video_common_v4_4/src
make -C psu_cortexa53_0/libsrc/video_common_v4_4/src -s include  "SHELL=/bin/sh" "COMPILER=aarch64-none-elf-gcc" "ARCHIVER=aarch64-none-elf-ar" "COMPILER_FLAGS=  -O2 -c" "EXTRA_COMPILER_FLAGS=-g -Wall -Wextra"
Running Make include in psu_cortexa53_0/libsrc/rtcpsu_v1_5/src
make -C psu_cortexa53_0/libsrc/rtcpsu_v1_5/src -s include  "SHELL=/bin/sh" "COMPILER=aarch64-none-elf-gcc" "ARCHIVER=aarch64-none-elf-ar" "COMPILER_FLAGS=  -O2 -c" "EXTRA_COMPILER_FLAGS=-g -Wall -Wextra"
Running Make include in psu_cortexa53_0/libsrc/ddrcpsu_v1_1/src
make -C psu_cortexa53_0/libsrc/ddrcpsu_v1_1/src -s include  "SHELL=/bin/sh" "COMPILER=aarch64-none-elf-gcc" "ARCHIVER=aarch64-none-elf-ar" "COMPILER_FLAGS=  -O2 -c" "EXTRA_COMPILER_FLAGS=-g -Wall -Wextra"
Running Make include in psu_cortexa53_0/libsrc/spips_v3_1/src
make -C psu_cortexa53_0/libsrc/spips_v3_1/src -s include  "SHELL=/bin/sh" "COMPILER=aarch64-none-elf-gcc" "ARCHIVER=aarch64-none-elf-ar" "COMPILER_FLAGS=  -O2 -c" "EXTRA_COMPILER_FLAGS=-g -Wall -Wextra"
Running Make include in psu_cortexa53_0/libsrc/cpu_cortexa53_v1_5/src
make -C psu_cortexa53_0/libsrc/cpu_cortexa53_v1_5/src -s include  "SHELL=/bin/sh" "COMPILER=aarch64-none-elf-gcc" "ARCHIVER=aarch64-none-elf-ar" "COMPILER_FLAGS=  -O2 -c" "EXTRA_COMPILER_FLAGS=-g -Wall -Wextra"
Running Make include in psu_cortexa53_0/libsrc/ttcps_v3_6/src
make -C psu_cortexa53_0/libsrc/ttcps_v3_6/src -s include  "SHELL=/bin/sh" "COMPILER=aarch64-none-elf-gcc" "ARCHIVER=aarch64-none-elf-ar" "COMPILER_FLAGS=  -O2 -c" "EXTRA_COMPILER_FLAGS=-g -Wall -Wextra"
Running Make include in psu_cortexa53_0/libsrc/resetps_v1_1/src
make -C psu_cortexa53_0/libsrc/resetps_v1_1/src -s include  "SHELL=/bin/sh" "COMPILER=aarch64-none-elf-gcc" "ARCHIVER=aarch64-none-elf-ar" "COMPILER_FLAGS=  -O2 -c" "EXTRA_COMPILER_FLAGS=-g -Wall -Wextra"
Running Make include in psu_cortexa53_0/libsrc/wdtps_v3_0/src
make -C psu_cortexa53_0/libsrc/wdtps_v3_0/src -s include  "SHELL=/bin/sh" "COMPILER=aarch64-none-elf-gcc" "ARCHIVER=aarch64-none-elf-ar" "COMPILER_FLAGS=  -O2 -c" "EXTRA_COMPILER_FLAGS=-g -Wall -Wextra"
Running Make include in psu_cortexa53_0/libsrc/axipmon_v6_6/src
make -C psu_cortexa53_0/libsrc/axipmon_v6_6/src -s include  "SHELL=/bin/sh" "COMPILER=aarch64-none-elf-gcc" "ARCHIVER=aarch64-none-elf-ar" "COMPILER_FLAGS=  -O2 -c" "EXTRA_COMPILER_FLAGS=-g -Wall -Wextra"
Running Make include in psu_cortexa53_0/libsrc/iicps_v3_7/src
make -C psu_cortexa53_0/libsrc/iicps_v3_7/src -s include  "SHELL=/bin/sh" "COMPILER=aarch64-none-elf-gcc" "ARCHIVER=aarch64-none-elf-ar" "COMPILER_FLAGS=  -O2 -c" "EXTRA_COMPILER_FLAGS=-g -Wall -Wextra"
Running Make include in psu_cortexa53_0/libsrc/sdps_v3_5/src
make -C psu_cortexa53_0/libsrc/sdps_v3_5/src -s include  "SHELL=/bin/sh" "COMPILER=aarch64-none-elf-gcc" "ARCHIVER=aarch64-none-elf-ar" "COMPILER_FLAGS=  -O2 -c" "EXTRA_COMPILER_FLAGS=-g -Wall -Wextra"
Running Make include in psu_cortexa53_0/libsrc/coresightps_dcc_v1_4/src
make -C psu_cortexa53_0/libsrc/coresightps_dcc_v1_4/src -s include  "SHELL=/bin/sh" "COMPILER=aarch64-none-elf-gcc" "ARCHIVER=aarch64-none-elf-ar" "COMPILER_FLAGS=  -O2 -c" "EXTRA_COMPILER_FLAGS=-g -Wall -Wextra"
Running Make include in psu_cortexa53_0/libsrc/usbpsu_v1_4/src
make -C psu_cortexa53_0/libsrc/usbpsu_v1_4/src -s include  "SHELL=/bin/sh" "COMPILER=aarch64-none-elf-gcc" "ARCHIVER=aarch64-none-elf-ar" "COMPILER_FLAGS=  -O2 -c" "EXTRA_COMPILER_FLAGS=-g -Wall -Wextra"
Running Make libs in psu_cortexa53_0/libsrc/csudma_v1_2/src
make -C psu_cortexa53_0/libsrc/csudma_v1_2/src -s libs  "SHELL=/bin/sh" "COMPILER=aarch64-none-elf-gcc" "ARCHIVER=aarch64-none-elf-ar" "COMPILER_FLAGS=  -O2 -c" "EXTRA_COMPILER_FLAGS=-g -Wall -Wextra"
Compiling csudma
Running Make libs in psu_cortexa53_0/libsrc/standalone_v6_7/src
make -C psu_cortexa53_0/libsrc/standalone_v6_7/src -s libs  "SHELL=/bin/sh" "COMPILER=aarch64-none-elf-gcc" "ARCHIVER=aarch64-none-elf-ar" "COMPILER_FLAGS=  -O2 -c" "EXTRA_COMPILER_FLAGS=-g -Wall -Wextra"
Compiling standalone A53
In file included from xtime_l.c:56:0:
xtime_l.h:81:9: note: #pragma message: For the sleep routines, Global timer is being used
 #pragma message ("For the sleep routines, Global timer is being used")
         ^~~~~~~
In file included from xil_sleeptimer.c:55:0:
xtime_l.h:81:9: note: #pragma message: For the sleep routines, Global timer is being used
 #pragma message ("For the sleep routines, Global timer is being used")
         ^~~~~~~
In file included from sleep.c:63:0:
xtime_l.h:81:9: note: #pragma message: For the sleep routines, Global timer is being used
 #pragma message ("For the sleep routines, Global timer is being used")
         ^~~~~~~
translation_table.S:149:2: warning: #warning "There's no DDR_1 in the HW design. MMU translation table marks 32 GB DDR address space as undefined" [-Wcpp]
 #warning "There's no DDR_1 in the HW design. MMU translation table marks 32 GB DDR address space as undefined"
  ^~~~~~~
Running Make libs in psu_cortexa53_0/libsrc/zdma_v1_5/src
make -C psu_cortexa53_0/libsrc/zdma_v1_5/src -s libs  "SHELL=/bin/sh" "COMPILER=aarch64-none-elf-gcc" "ARCHIVER=aarch64-none-elf-ar" "COMPILER_FLAGS=  -O2 -c" "EXTRA_COMPILER_FLAGS=-g -Wall -Wextra"
Compiling zdma
Running Make libs in psu_cortexa53_0/libsrc/ipipsu_v2_3/src
make -C psu_cortexa53_0/libsrc/ipipsu_v2_3/src -s libs  "SHELL=/bin/sh" "COMPILER=aarch64-none-elf-gcc" "ARCHIVER=aarch64-none-elf-ar" "COMPILER_FLAGS=  -O2 -c" "EXTRA_COMPILER_FLAGS=-g -Wall -Wextra"
Compiling ipipsu
Running Make libs in psu_cortexa53_0/libsrc/gpiops_v3_3/src
make -C psu_cortexa53_0/libsrc/gpiops_v3_3/src -s libs  "SHELL=/bin/sh" "COMPILER=aarch64-none-elf-gcc" "ARCHIVER=aarch64-none-elf-ar" "COMPILER_FLAGS=  -O2 -c" "EXTRA_COMPILER_FLAGS=-g -Wall -Wextra"
Compiling gpiops
Running Make libs in psu_cortexa53_0/libsrc/scugic_v3_9/src
make -C psu_cortexa53_0/libsrc/scugic_v3_9/src -s libs  "SHELL=/bin/sh" "COMPILER=aarch64-none-elf-gcc" "ARCHIVER=aarch64-none-elf-ar" "COMPILER_FLAGS=  -O2 -c" "EXTRA_COMPILER_FLAGS=-g -Wall -Wextra"
Compiling scugic
Running Make libs in psu_cortexa53_0/libsrc/uartps_v3_6/src
make -C psu_cortexa53_0/libsrc/uartps_v3_6/src -s libs  "SHELL=/bin/sh" "COMPILER=aarch64-none-elf-gcc" "ARCHIVER=aarch64-none-elf-ar" "COMPILER_FLAGS=  -O2 -c" "EXTRA_COMPILER_FLAGS=-g -Wall -Wextra"
Compiling uartps
Running Make libs in psu_cortexa53_0/libsrc/avbuf_v2_2/src
make -C psu_cortexa53_0/libsrc/avbuf_v2_2/src -s libs  "SHELL=/bin/sh" "COMPILER=aarch64-none-elf-gcc" "ARCHIVER=aarch64-none-elf-ar" "COMPILER_FLAGS=  -O2 -c" "EXTRA_COMPILER_FLAGS=-g -Wall -Wextra"
Compiling avbuf
Running Make libs in psu_cortexa53_0/libsrc/dpdma_v1_1/src
make -C psu_cortexa53_0/libsrc/dpdma_v1_1/src -s libs  "SHELL=/bin/sh" "COMPILER=aarch64-none-elf-gcc" "ARCHIVER=aarch64-none-elf-ar" "COMPILER_FLAGS=  -O2 -c" "EXTRA_COMPILER_FLAGS=-g -Wall -Wextra"
Compiling dpdma
Running Make libs in psu_cortexa53_0/libsrc/sysmonpsu_v2_4/src
make -C psu_cortexa53_0/libsrc/sysmonpsu_v2_4/src -s libs  "SHELL=/bin/sh" "COMPILER=aarch64-none-elf-gcc" "ARCHIVER=aarch64-none-elf-ar" "COMPILER_FLAGS=  -O2 -c" "EXTRA_COMPILER_FLAGS=-g -Wall -Wextra"
Compiling sysmonpsu
Running Make libs in psu_cortexa53_0/libsrc/video_common_v4_4/src
make -C psu_cortexa53_0/libsrc/video_common_v4_4/src -s libs  "SHELL=/bin/sh" "COMPILER=aarch64-none-elf-gcc" "ARCHIVER=aarch64-none-elf-ar" "COMPILER_FLAGS=  -O2 -c" "EXTRA_COMPILER_FLAGS=-g -Wall -Wextra"
Compiling video_common
Running Make libs in psu_cortexa53_0/libsrc/rtcpsu_v1_5/src
make -C psu_cortexa53_0/libsrc/rtcpsu_v1_5/src -s libs  "SHELL=/bin/sh" "COMPILER=aarch64-none-elf-gcc" "ARCHIVER=aarch64-none-elf-ar" "COMPILER_FLAGS=  -O2 -c" "EXTRA_COMPILER_FLAGS=-g -Wall -Wextra"
Compiling rtcpsu
Running Make libs in psu_cortexa53_0/libsrc/ddrcpsu_v1_1/src
make -C psu_cortexa53_0/libsrc/ddrcpsu_v1_1/src -s libs  "SHELL=/bin/sh" "COMPILER=aarch64-none-elf-gcc" "ARCHIVER=aarch64-none-elf-ar" "COMPILER_FLAGS=  -O2 -c" "EXTRA_COMPILER_FLAGS=-g -Wall -Wextra"
Compiling ddrcpsu
Running Make libs in psu_cortexa53_0/libsrc/spips_v3_1/src
make -C psu_cortexa53_0/libsrc/spips_v3_1/src -s libs  "SHELL=/bin/sh" "COMPILER=aarch64-none-elf-gcc" "ARCHIVER=aarch64-none-elf-ar" "COMPILER_FLAGS=  -O2 -c" "EXTRA_COMPILER_FLAGS=-g -Wall -Wextra"
Compiling spips
Running Make libs in psu_cortexa53_0/libsrc/cpu_cortexa53_v1_5/src
make -C psu_cortexa53_0/libsrc/cpu_cortexa53_v1_5/src -s libs  "SHELL=/bin/sh" "COMPILER=aarch64-none-elf-gcc" "ARCHIVER=aarch64-none-elf-ar" "COMPILER_FLAGS=  -O2 -c" "EXTRA_COMPILER_FLAGS=-g -Wall -Wextra"
Compiling cpu_cortexa53
Running Make libs in psu_cortexa53_0/libsrc/ttcps_v3_6/src
make -C psu_cortexa53_0/libsrc/ttcps_v3_6/src -s libs  "SHELL=/bin/sh" "COMPILER=aarch64-none-elf-gcc" "ARCHIVER=aarch64-none-elf-ar" "COMPILER_FLAGS=  -O2 -c" "EXTRA_COMPILER_FLAGS=-g -Wall -Wextra"
Compiling ttcps
Running Make libs in psu_cortexa53_0/libsrc/resetps_v1_1/src
make -C psu_cortexa53_0/libsrc/resetps_v1_1/src -s libs  "SHELL=/bin/sh" "COMPILER=aarch64-none-elf-gcc" "ARCHIVER=aarch64-none-elf-ar" "COMPILER_FLAGS=  -O2 -c" "EXTRA_COMPILER_FLAGS=-g -Wall -Wextra"
Compiling resetps
Running Make libs in psu_cortexa53_0/libsrc/wdtps_v3_0/src
make -C psu_cortexa53_0/libsrc/wdtps_v3_0/src -s libs  "SHELL=/bin/sh" "COMPILER=aarch64-none-elf-gcc" "ARCHIVER=aarch64-none-elf-ar" "COMPILER_FLAGS=  -O2 -c" "EXTRA_COMPILER_FLAGS=-g -Wall -Wextra"
Compiling wdtps
Running Make libs in psu_cortexa53_0/libsrc/axipmon_v6_6/src
make -C psu_cortexa53_0/libsrc/axipmon_v6_6/src -s libs  "SHELL=/bin/sh" "COMPILER=aarch64-none-elf-gcc" "ARCHIVER=aarch64-none-elf-ar" "COMPILER_FLAGS=  -O2 -c" "EXTRA_COMPILER_FLAGS=-g -Wall -Wextra"
Compiling axipmon
Running Make libs in psu_cortexa53_0/libsrc/iicps_v3_7/src
make -C psu_cortexa53_0/libsrc/iicps_v3_7/src -s libs  "SHELL=/bin/sh" "COMPILER=aarch64-none-elf-gcc" "ARCHIVER=aarch64-none-elf-ar" "COMPILER_FLAGS=  -O2 -c" "EXTRA_COMPILER_FLAGS=-g -Wall -Wextra"
Compiling iicps
Running Make libs in psu_cortexa53_0/libsrc/sdps_v3_5/src
make -C psu_cortexa53_0/libsrc/sdps_v3_5/src -s libs  "SHELL=/bin/sh" "COMPILER=aarch64-none-elf-gcc" "ARCHIVER=aarch64-none-elf-ar" "COMPILER_FLAGS=  -O2 -c" "EXTRA_COMPILER_FLAGS=-g -Wall -Wextra"
Compiling sdps
Running Make libs in psu_cortexa53_0/libsrc/coresightps_dcc_v1_4/src
make -C psu_cortexa53_0/libsrc/coresightps_dcc_v1_4/src -s libs  "SHELL=/bin/sh" "COMPILER=aarch64-none-elf-gcc" "ARCHIVER=aarch64-none-elf-ar" "COMPILER_FLAGS=  -O2 -c" "EXTRA_COMPILER_FLAGS=-g -Wall -Wextra"
Compiling coresightps_dcc
Running Make libs in psu_cortexa53_0/libsrc/usbpsu_v1_4/src
make -C psu_cortexa53_0/libsrc/usbpsu_v1_4/src -s libs  "SHELL=/bin/sh" "COMPILER=aarch64-none-elf-gcc" "ARCHIVER=aarch64-none-elf-ar" "COMPILER_FLAGS=  -O2 -c" "EXTRA_COMPILER_FLAGS=-g -Wall -Wextra"
Compiling usbpsu
Finished building libraries
14:41:53 **** Build of configuration Debug for project hello_dna ****
make all 
Building file: ../src/helloworld.c
Invoking: ARM v8 gcc compiler
aarch64-none-elf-gcc -Wall -O0 -g3 -c -fmessage-length=0 -MT"src/helloworld.o" -I../../hello_dna_bsp/psu_cortexa53_0/include -MMD -MP -MF"src/helloworld.d" -MT"src/helloworld.o" -o "src/helloworld.o" "../src/helloworld.c"
Finished building: ../src/helloworld.c
 
Building file: ../src/platform.c
Invoking: ARM v8 gcc compiler
aarch64-none-elf-gcc -Wall -O0 -g3 -c -fmessage-length=0 -MT"src/platform.o" -I../../hello_dna_bsp/psu_cortexa53_0/include -MMD -MP -MF"src/platform.d" -MT"src/platform.o" -o "src/platform.o" "../src/platform.c"
Finished building: ../src/platform.c
 
Building target: hello_dna.elf
Invoking: ARM v8 gcc linker
aarch64-none-elf-gcc -Wl,-T -Wl,../src/lscript.ld -L../../hello_dna_bsp/psu_cortexa53_0/lib -o "hello_dna.elf"  ./src/helloworld.o ./src/platform.o   -Wl,--start-group,-lxil,-lgcc,-lc,--end-group
Finished building target: hello_dna.elf
 
Invoking: ARM v8 Print Size
aarch64-none-elf-size hello_dna.elf  |tee "hello_dna.elf.size"
   text	   data	    bss	    dec	    hex	filename
  30484	   2344	  20664	  53492	   d0f4	hello_dna.elf
Finished building: hello_dna.elf.size
 
15:07:31 **** Build of project hello_dna_bsp ****
make -k all 
Running Make include in psu_cortexa53_0/libsrc/csudma_v1_2/src
make -C psu_cortexa53_0/libsrc/csudma_v1_2/src -s include  "SHELL=/bin/sh" "COMPILER=aarch64-none-elf-gcc" "ARCHIVER=aarch64-none-elf-ar" "COMPILER_FLAGS=  -O2 -c" "EXTRA_COMPILER_FLAGS=-g -Wall -Wextra"
Running Make include in psu_cortexa53_0/libsrc/standalone_v6_7/src
make -C psu_cortexa53_0/libsrc/standalone_v6_7/src -s include  "SHELL=/bin/sh" "COMPILER=aarch64-none-elf-gcc" "ARCHIVER=aarch64-none-elf-ar" "COMPILER_FLAGS=  -O2 -c" "EXTRA_COMPILER_FLAGS=-g -Wall -Wextra"
Running Make include in psu_cortexa53_0/libsrc/zdma_v1_5/src
make -C psu_cortexa53_0/libsrc/zdma_v1_5/src -s include  "SHELL=/bin/sh" "COMPILER=aarch64-none-elf-gcc" "ARCHIVER=aarch64-none-elf-ar" "COMPILER_FLAGS=  -O2 -c" "EXTRA_COMPILER_FLAGS=-g -Wall -Wextra"
Running Make include in psu_cortexa53_0/libsrc/ipipsu_v2_3/src
make -C psu_cortexa53_0/libsrc/ipipsu_v2_3/src -s include  "SHELL=/bin/sh" "COMPILER=aarch64-none-elf-gcc" "ARCHIVER=aarch64-none-elf-ar" "COMPILER_FLAGS=  -O2 -c" "EXTRA_COMPILER_FLAGS=-g -Wall -Wextra"
Running Make include in psu_cortexa53_0/libsrc/gpiops_v3_3/src
make -C psu_cortexa53_0/libsrc/gpiops_v3_3/src -s include  "SHELL=/bin/sh" "COMPILER=aarch64-none-elf-gcc" "ARCHIVER=aarch64-none-elf-ar" "COMPILER_FLAGS=  -O2 -c" "EXTRA_COMPILER_FLAGS=-g -Wall -Wextra"
Running Make include in psu_cortexa53_0/libsrc/scugic_v3_9/src
make -C psu_cortexa53_0/libsrc/scugic_v3_9/src -s include  "SHELL=/bin/sh" "COMPILER=aarch64-none-elf-gcc" "ARCHIVER=aarch64-none-elf-ar" "COMPILER_FLAGS=  -O2 -c" "EXTRA_COMPILER_FLAGS=-g -Wall -Wextra"
Running Make include in psu_cortexa53_0/libsrc/uartps_v3_6/src
make -C psu_cortexa53_0/libsrc/uartps_v3_6/src -s include  "SHELL=/bin/sh" "COMPILER=aarch64-none-elf-gcc" "ARCHIVER=aarch64-none-elf-ar" "COMPILER_FLAGS=  -O2 -c" "EXTRA_COMPILER_FLAGS=-g -Wall -Wextra"
Running Make include in psu_cortexa53_0/libsrc/avbuf_v2_2/src
make -C psu_cortexa53_0/libsrc/avbuf_v2_2/src -s include  "SHELL=/bin/sh" "COMPILER=aarch64-none-elf-gcc" "ARCHIVER=aarch64-none-elf-ar" "COMPILER_FLAGS=  -O2 -c" "EXTRA_COMPILER_FLAGS=-g -Wall -Wextra"
Running Make include in psu_cortexa53_0/libsrc/dpdma_v1_1/src
make -C psu_cortexa53_0/libsrc/dpdma_v1_1/src -s include  "SHELL=/bin/sh" "COMPILER=aarch64-none-elf-gcc" "ARCHIVER=aarch64-none-elf-ar" "COMPILER_FLAGS=  -O2 -c" "EXTRA_COMPILER_FLAGS=-g -Wall -Wextra"
Running Make include in psu_cortexa53_0/libsrc/sysmonpsu_v2_4/src
make -C psu_cortexa53_0/libsrc/sysmonpsu_v2_4/src -s include  "SHELL=/bin/sh" "COMPILER=aarch64-none-elf-gcc" "ARCHIVER=aarch64-none-elf-ar" "COMPILER_FLAGS=  -O2 -c" "EXTRA_COMPILER_FLAGS=-g -Wall -Wextra"
Running Make include in psu_cortexa53_0/libsrc/video_common_v4_4/src
make -C psu_cortexa53_0/libsrc/video_common_v4_4/src -s include  "SHELL=/bin/sh" "COMPILER=aarch64-none-elf-gcc" "ARCHIVER=aarch64-none-elf-ar" "COMPILER_FLAGS=  -O2 -c" "EXTRA_COMPILER_FLAGS=-g -Wall -Wextra"
Running Make include in psu_cortexa53_0/libsrc/rtcpsu_v1_5/src
make -C psu_cortexa53_0/libsrc/rtcpsu_v1_5/src -s include  "SHELL=/bin/sh" "COMPILER=aarch64-none-elf-gcc" "ARCHIVER=aarch64-none-elf-ar" "COMPILER_FLAGS=  -O2 -c" "EXTRA_COMPILER_FLAGS=-g -Wall -Wextra"
Running Make include in psu_cortexa53_0/libsrc/ddrcpsu_v1_1/src
make -C psu_cortexa53_0/libsrc/ddrcpsu_v1_1/src -s include  "SHELL=/bin/sh" "COMPILER=aarch64-none-elf-gcc" "ARCHIVER=aarch64-none-elf-ar" "COMPILER_FLAGS=  -O2 -c" "EXTRA_COMPILER_FLAGS=-g -Wall -Wextra"
Running Make include in psu_cortexa53_0/libsrc/spips_v3_1/src
make -C psu_cortexa53_0/libsrc/spips_v3_1/src -s include  "SHELL=/bin/sh" "COMPILER=aarch64-none-elf-gcc" "ARCHIVER=aarch64-none-elf-ar" "COMPILER_FLAGS=  -O2 -c" "EXTRA_COMPILER_FLAGS=-g -Wall -Wextra"
Running Make include in psu_cortexa53_0/libsrc/cpu_cortexa53_v1_5/src
make -C psu_cortexa53_0/libsrc/cpu_cortexa53_v1_5/src -s include  "SHELL=/bin/sh" "COMPILER=aarch64-none-elf-gcc" "ARCHIVER=aarch64-none-elf-ar" "COMPILER_FLAGS=  -O2 -c" "EXTRA_COMPILER_FLAGS=-g -Wall -Wextra"
Running Make include in psu_cortexa53_0/libsrc/ttcps_v3_6/src
make -C psu_cortexa53_0/libsrc/ttcps_v3_6/src -s include  "SHELL=/bin/sh" "COMPILER=aarch64-none-elf-gcc" "ARCHIVER=aarch64-none-elf-ar" "COMPILER_FLAGS=  -O2 -c" "EXTRA_COMPILER_FLAGS=-g -Wall -Wextra"
Running Make include in psu_cortexa53_0/libsrc/resetps_v1_1/src
make -C psu_cortexa53_0/libsrc/resetps_v1_1/src -s include  "SHELL=/bin/sh" "COMPILER=aarch64-none-elf-gcc" "ARCHIVER=aarch64-none-elf-ar" "COMPILER_FLAGS=  -O2 -c" "EXTRA_COMPILER_FLAGS=-g -Wall -Wextra"
Running Make include in psu_cortexa53_0/libsrc/wdtps_v3_0/src
make -C psu_cortexa53_0/libsrc/wdtps_v3_0/src -s include  "SHELL=/bin/sh" "COMPILER=aarch64-none-elf-gcc" "ARCHIVER=aarch64-none-elf-ar" "COMPILER_FLAGS=  -O2 -c" "EXTRA_COMPILER_FLAGS=-g -Wall -Wextra"
Running Make include in psu_cortexa53_0/libsrc/axipmon_v6_6/src
make -C psu_cortexa53_0/libsrc/axipmon_v6_6/src -s include  "SHELL=/bin/sh" "COMPILER=aarch64-none-elf-gcc" "ARCHIVER=aarch64-none-elf-ar" "COMPILER_FLAGS=  -O2 -c" "EXTRA_COMPILER_FLAGS=-g -Wall -Wextra"
Running Make include in psu_cortexa53_0/libsrc/iicps_v3_7/src
make -C psu_cortexa53_0/libsrc/iicps_v3_7/src -s include  "SHELL=/bin/sh" "COMPILER=aarch64-none-elf-gcc" "ARCHIVER=aarch64-none-elf-ar" "COMPILER_FLAGS=  -O2 -c" "EXTRA_COMPILER_FLAGS=-g -Wall -Wextra"
Running Make include in psu_cortexa53_0/libsrc/sdps_v3_5/src
make -C psu_cortexa53_0/libsrc/sdps_v3_5/src -s include  "SHELL=/bin/sh" "COMPILER=aarch64-none-elf-gcc" "ARCHIVER=aarch64-none-elf-ar" "COMPILER_FLAGS=  -O2 -c" "EXTRA_COMPILER_FLAGS=-g -Wall -Wextra"
Running Make include in psu_cortexa53_0/libsrc/coresightps_dcc_v1_4/src
make -C psu_cortexa53_0/libsrc/coresightps_dcc_v1_4/src -s include  "SHELL=/bin/sh" "COMPILER=aarch64-none-elf-gcc" "ARCHIVER=aarch64-none-elf-ar" "COMPILER_FLAGS=  -O2 -c" "EXTRA_COMPILER_FLAGS=-g -Wall -Wextra"
Running Make include in psu_cortexa53_0/libsrc/usbpsu_v1_4/src
make -C psu_cortexa53_0/libsrc/usbpsu_v1_4/src -s include  "SHELL=/bin/sh" "COMPILER=aarch64-none-elf-gcc" "ARCHIVER=aarch64-none-elf-ar" "COMPILER_FLAGS=  -O2 -c" "EXTRA_COMPILER_FLAGS=-g -Wall -Wextra"
Running Make libs in psu_cortexa53_0/libsrc/csudma_v1_2/src
make -C psu_cortexa53_0/libsrc/csudma_v1_2/src -s libs  "SHELL=/bin/sh" "COMPILER=aarch64-none-elf-gcc" "ARCHIVER=aarch64-none-elf-ar" "COMPILER_FLAGS=  -O2 -c" "EXTRA_COMPILER_FLAGS=-g -Wall -Wextra"
Compiling csudma
Running Make libs in psu_cortexa53_0/libsrc/standalone_v6_7/src
make -C psu_cortexa53_0/libsrc/standalone_v6_7/src -s libs  "SHELL=/bin/sh" "COMPILER=aarch64-none-elf-gcc" "ARCHIVER=aarch64-none-elf-ar" "COMPILER_FLAGS=  -O2 -c" "EXTRA_COMPILER_FLAGS=-g -Wall -Wextra"
Compiling standalone A53
In file included from xtime_l.c:56:0:
xtime_l.h:81:9: note: #pragma message: For the sleep routines, Global timer is being used
 #pragma message ("For the sleep routines, Global timer is being used")
         ^~~~~~~
In file included from xil_sleeptimer.c:55:0:
xtime_l.h:81:9: note: #pragma message: For the sleep routines, Global timer is being used
 #pragma message ("For the sleep routines, Global timer is being used")
         ^~~~~~~
In file included from sleep.c:63:0:
xtime_l.h:81:9: note: #pragma message: For the sleep routines, Global timer is being used
 #pragma message ("For the sleep routines, Global timer is being used")
         ^~~~~~~
translation_table.S:149:2: warning: #warning "There's no DDR_1 in the HW design. MMU translation table marks 32 GB DDR address space as undefined" [-Wcpp]
 #warning "There's no DDR_1 in the HW design. MMU translation table marks 32 GB DDR address space as undefined"
  ^~~~~~~
Running Make libs in psu_cortexa53_0/libsrc/zdma_v1_5/src
make -C psu_cortexa53_0/libsrc/zdma_v1_5/src -s libs  "SHELL=/bin/sh" "COMPILER=aarch64-none-elf-gcc" "ARCHIVER=aarch64-none-elf-ar" "COMPILER_FLAGS=  -O2 -c" "EXTRA_COMPILER_FLAGS=-g -Wall -Wextra"
Compiling zdma
Running Make libs in psu_cortexa53_0/libsrc/ipipsu_v2_3/src
make -C psu_cortexa53_0/libsrc/ipipsu_v2_3/src -s libs  "SHELL=/bin/sh" "COMPILER=aarch64-none-elf-gcc" "ARCHIVER=aarch64-none-elf-ar" "COMPILER_FLAGS=  -O2 -c" "EXTRA_COMPILER_FLAGS=-g -Wall -Wextra"
Compiling ipipsu
Running Make libs in psu_cortexa53_0/libsrc/gpiops_v3_3/src
make -C psu_cortexa53_0/libsrc/gpiops_v3_3/src -s libs  "SHELL=/bin/sh" "COMPILER=aarch64-none-elf-gcc" "ARCHIVER=aarch64-none-elf-ar" "COMPILER_FLAGS=  -O2 -c" "EXTRA_COMPILER_FLAGS=-g -Wall -Wextra"
Compiling gpiops
Running Make libs in psu_cortexa53_0/libsrc/scugic_v3_9/src
make -C psu_cortexa53_0/libsrc/scugic_v3_9/src -s libs  "SHELL=/bin/sh" "COMPILER=aarch64-none-elf-gcc" "ARCHIVER=aarch64-none-elf-ar" "COMPILER_FLAGS=  -O2 -c" "EXTRA_COMPILER_FLAGS=-g -Wall -Wextra"
Compiling scugic
Running Make libs in psu_cortexa53_0/libsrc/uartps_v3_6/src
make -C psu_cortexa53_0/libsrc/uartps_v3_6/src -s libs  "SHELL=/bin/sh" "COMPILER=aarch64-none-elf-gcc" "ARCHIVER=aarch64-none-elf-ar" "COMPILER_FLAGS=  -O2 -c" "EXTRA_COMPILER_FLAGS=-g -Wall -Wextra"
Compiling uartps
Running Make libs in psu_cortexa53_0/libsrc/avbuf_v2_2/src
make -C psu_cortexa53_0/libsrc/avbuf_v2_2/src -s libs  "SHELL=/bin/sh" "COMPILER=aarch64-none-elf-gcc" "ARCHIVER=aarch64-none-elf-ar" "COMPILER_FLAGS=  -O2 -c" "EXTRA_COMPILER_FLAGS=-g -Wall -Wextra"
Compiling avbuf
Running Make libs in psu_cortexa53_0/libsrc/dpdma_v1_1/src
make -C psu_cortexa53_0/libsrc/dpdma_v1_1/src -s libs  "SHELL=/bin/sh" "COMPILER=aarch64-none-elf-gcc" "ARCHIVER=aarch64-none-elf-ar" "COMPILER_FLAGS=  -O2 -c" "EXTRA_COMPILER_FLAGS=-g -Wall -Wextra"
Compiling dpdma
Running Make libs in psu_cortexa53_0/libsrc/sysmonpsu_v2_4/src
make -C psu_cortexa53_0/libsrc/sysmonpsu_v2_4/src -s libs  "SHELL=/bin/sh" "COMPILER=aarch64-none-elf-gcc" "ARCHIVER=aarch64-none-elf-ar" "COMPILER_FLAGS=  -O2 -c" "EXTRA_COMPILER_FLAGS=-g -Wall -Wextra"
Compiling sysmonpsu
Running Make libs in psu_cortexa53_0/libsrc/video_common_v4_4/src
make -C psu_cortexa53_0/libsrc/video_common_v4_4/src -s libs  "SHELL=/bin/sh" "COMPILER=aarch64-none-elf-gcc" "ARCHIVER=aarch64-none-elf-ar" "COMPILER_FLAGS=  -O2 -c" "EXTRA_COMPILER_FLAGS=-g -Wall -Wextra"
Compiling video_common
Running Make libs in psu_cortexa53_0/libsrc/rtcpsu_v1_5/src
make -C psu_cortexa53_0/libsrc/rtcpsu_v1_5/src -s libs  "SHELL=/bin/sh" "COMPILER=aarch64-none-elf-gcc" "ARCHIVER=aarch64-none-elf-ar" "COMPILER_FLAGS=  -O2 -c" "EXTRA_COMPILER_FLAGS=-g -Wall -Wextra"
Compiling rtcpsu
Running Make libs in psu_cortexa53_0/libsrc/ddrcpsu_v1_1/src
make -C psu_cortexa53_0/libsrc/ddrcpsu_v1_1/src -s libs  "SHELL=/bin/sh" "COMPILER=aarch64-none-elf-gcc" "ARCHIVER=aarch64-none-elf-ar" "COMPILER_FLAGS=  -O2 -c" "EXTRA_COMPILER_FLAGS=-g -Wall -Wextra"
Compiling ddrcpsu
Running Make libs in psu_cortexa53_0/libsrc/spips_v3_1/src
make -C psu_cortexa53_0/libsrc/spips_v3_1/src -s libs  "SHELL=/bin/sh" "COMPILER=aarch64-none-elf-gcc" "ARCHIVER=aarch64-none-elf-ar" "COMPILER_FLAGS=  -O2 -c" "EXTRA_COMPILER_FLAGS=-g -Wall -Wextra"
Compiling spips
Running Make libs in psu_cortexa53_0/libsrc/cpu_cortexa53_v1_5/src
make -C psu_cortexa53_0/libsrc/cpu_cortexa53_v1_5/src -s libs  "SHELL=/bin/sh" "COMPILER=aarch64-none-elf-gcc" "ARCHIVER=aarch64-none-elf-ar" "COMPILER_FLAGS=  -O2 -c" "EXTRA_COMPILER_FLAGS=-g -Wall -Wextra"
Compiling cpu_cortexa53
Running Make libs in psu_cortexa53_0/libsrc/ttcps_v3_6/src
make -C psu_cortexa53_0/libsrc/ttcps_v3_6/src -s libs  "SHELL=/bin/sh" "COMPILER=aarch64-none-elf-gcc" "ARCHIVER=aarch64-none-elf-ar" "COMPILER_FLAGS=  -O2 -c" "EXTRA_COMPILER_FLAGS=-g -Wall -Wextra"
Compiling ttcps
Running Make libs in psu_cortexa53_0/libsrc/resetps_v1_1/src
make -C psu_cortexa53_0/libsrc/resetps_v1_1/src -s libs  "SHELL=/bin/sh" "COMPILER=aarch64-none-elf-gcc" "ARCHIVER=aarch64-none-elf-ar" "COMPILER_FLAGS=  -O2 -c" "EXTRA_COMPILER_FLAGS=-g -Wall -Wextra"
Compiling resetps
Running Make libs in psu_cortexa53_0/libsrc/wdtps_v3_0/src
make -C psu_cortexa53_0/libsrc/wdtps_v3_0/src -s libs  "SHELL=/bin/sh" "COMPILER=aarch64-none-elf-gcc" "ARCHIVER=aarch64-none-elf-ar" "COMPILER_FLAGS=  -O2 -c" "EXTRA_COMPILER_FLAGS=-g -Wall -Wextra"
Compiling wdtps
Running Make libs in psu_cortexa53_0/libsrc/axipmon_v6_6/src
make -C psu_cortexa53_0/libsrc/axipmon_v6_6/src -s libs  "SHELL=/bin/sh" "COMPILER=aarch64-none-elf-gcc" "ARCHIVER=aarch64-none-elf-ar" "COMPILER_FLAGS=  -O2 -c" "EXTRA_COMPILER_FLAGS=-g -Wall -Wextra"
Compiling axipmon
Running Make libs in psu_cortexa53_0/libsrc/iicps_v3_7/src
make -C psu_cortexa53_0/libsrc/iicps_v3_7/src -s libs  "SHELL=/bin/sh" "COMPILER=aarch64-none-elf-gcc" "ARCHIVER=aarch64-none-elf-ar" "COMPILER_FLAGS=  -O2 -c" "EXTRA_COMPILER_FLAGS=-g -Wall -Wextra"
Compiling iicps
Running Make libs in psu_cortexa53_0/libsrc/sdps_v3_5/src
make -C psu_cortexa53_0/libsrc/sdps_v3_5/src -s libs  "SHELL=/bin/sh" "COMPILER=aarch64-none-elf-gcc" "ARCHIVER=aarch64-none-elf-ar" "COMPILER_FLAGS=  -O2 -c" "EXTRA_COMPILER_FLAGS=-g -Wall -Wextra"
Compiling sdps
Running Make libs in psu_cortexa53_0/libsrc/coresightps_dcc_v1_4/src
make -C psu_cortexa53_0/libsrc/coresightps_dcc_v1_4/src -s libs  "SHELL=/bin/sh" "COMPILER=aarch64-none-elf-gcc" "ARCHIVER=aarch64-none-elf-ar" "COMPILER_FLAGS=  -O2 -c" "EXTRA_COMPILER_FLAGS=-g -Wall -Wextra"
Compiling coresightps_dcc
Running Make libs in psu_cortexa53_0/libsrc/usbpsu_v1_4/src
make -C psu_cortexa53_0/libsrc/usbpsu_v1_4/src -s libs  "SHELL=/bin/sh" "COMPILER=aarch64-none-elf-gcc" "ARCHIVER=aarch64-none-elf-ar" "COMPILER_FLAGS=  -O2 -c" "EXTRA_COMPILER_FLAGS=-g -Wall -Wextra"
Compiling usbpsu
Finished building libraries
15:07:41 **** Build of configuration Debug for project hello_dna ****
make all 
Building file: ../src/helloworld.c
Invoking: ARM v8 gcc compiler
aarch64-none-elf-gcc -Wall -O0 -g3 -c -fmessage-length=0 -MT"src/helloworld.o" -I../../hello_dna_bsp/psu_cortexa53_0/include -MMD -MP -MF"src/helloworld.d" -MT"src/helloworld.o" -o "src/helloworld.o" "../src/helloworld.c"
Finished building: ../src/helloworld.c
 
Building file: ../src/platform.c
Invoking: ARM v8 gcc compiler
aarch64-none-elf-gcc -Wall -O0 -g3 -c -fmessage-length=0 -MT"src/platform.o" -I../../hello_dna_bsp/psu_cortexa53_0/include -MMD -MP -MF"src/platform.d" -MT"src/platform.o" -o "src/platform.o" "../src/platform.c"
Finished building: ../src/platform.c
 
Building target: hello_dna.elf
Invoking: ARM v8 gcc linker
aarch64-none-elf-gcc -Wl,-T -Wl,../src/lscript.ld -L../../hello_dna_bsp/psu_cortexa53_0/lib -o "hello_dna.elf"  ./src/helloworld.o ./src/platform.o   -Wl,--start-group,-lxil,-lgcc,-lc,--end-group
Finished building target: hello_dna.elf
 
Invoking: ARM v8 Print Size
aarch64-none-elf-size hello_dna.elf  |tee "hello_dna.elf.size"
   text	   data	    bss	    dec	    hex	filename
  30484	   2344	  20664	  53492	   d0f4	hello_dna.elf
Finished building: hello_dna.elf.size
 
15:08:06 **** Incremental Build of configuration Debug for project hello_dna ****
make all 
make: Nothing to be done for 'all'.
15:08:48 **** Incremental Build of configuration Debug for project hello_dna ****
make all 
make: Nothing to be done for 'all'.
15:09:00 **** Incremental Build of configuration Debug for project hello_dna ****
make all 
make: Nothing to be done for 'all'.
15:09:34 **** Incremental Build of configuration Debug for project hello_dna ****
make all 
make: Nothing to be done for 'all'.
15:11:23 **** Auto Build of configuration Debug for project hello_dna ****
make all 
Building file: ../src/helloworld.c
Invoking: ARM v8 gcc compiler
aarch64-none-elf-gcc -Wall -O0 -g3 -c -fmessage-length=0 -MT"src/helloworld.o" -I../../hello_dna_bsp/psu_cortexa53_0/include -MMD -MP -MF"src/helloworld.d" -MT"src/helloworld.o" -o "src/helloworld.o" "../src/helloworld.c"
Finished building: ../src/helloworld.c
 
Building file: ../src/platform.c
Invoking: ARM v8 gcc compiler
aarch64-none-elf-gcc -Wall -O0 -g3 -c -fmessage-length=0 -MT"src/platform.o" -I../../hello_dna_bsp/psu_cortexa53_0/include -MMD -MP -MF"src/platform.d" -MT"src/platform.o" -o "src/platform.o" "../src/platform.c"
Finished building: ../src/platform.c
 
Building target: hello_dna.elf
Invoking: ARM v8 gcc linker
aarch64-none-elf-gcc -Wl,-T -Wl,../src/lscript.ld -L../../hello_dna_bsp/psu_cortexa53_0/lib -o "hello_dna.elf"  ./src/helloworld.o ./src/platform.o   -Wl,--start-group,-lxil,-lgcc,-lc,--end-group
Finished building target: hello_dna.elf
 
Invoking: ARM v8 Print Size
aarch64-none-elf-size hello_dna.elf  |tee "hello_dna.elf.size"
   text	   data	    bss	    dec	    hex	filename
  30484	   2344	  20664	  53492	   d0f4	hello_dna.elf
Finished building: hello_dna.elf.size
 
15:14:18 **** Incremental Build of configuration Debug for project hello_dna ****
make all 
make: Nothing to be done for 'all'.
15:15:33 **** Incremental Build of configuration Debug for project hello_dna ****
make all 
make: Nothing to be done for 'all'.
15:15:43 **** Auto Build of configuration Debug for project hello_dna ****
make all 
Building file: ../src/helloworld.c
Invoking: ARM v8 gcc compiler
aarch64-none-elf-gcc -Wall -O0 -g3 -c -fmessage-length=0 -MT"src/helloworld.o" -I../../hello_dna_bsp/psu_cortexa53_0/include -MMD -MP -MF"src/helloworld.d" -MT"src/helloworld.o" -o "src/helloworld.o" "../src/helloworld.c"
Finished building: ../src/helloworld.c
 
Building file: ../src/platform.c
Invoking: ARM v8 gcc compiler
aarch64-none-elf-gcc -Wall -O0 -g3 -c -fmessage-length=0 -MT"src/platform.o" -I../../hello_dna_bsp/psu_cortexa53_0/include -MMD -MP -MF"src/platform.d" -MT"src/platform.o" -o "src/platform.o" "../src/platform.c"
Finished building: ../src/platform.c
 
Building target: hello_dna.elf
Invoking: ARM v8 gcc linker
aarch64-none-elf-gcc -Wl,-T -Wl,../src/lscript.ld -L../../hello_dna_bsp/psu_cortexa53_0/lib -o "hello_dna.elf"  ./src/helloworld.o ./src/platform.o   -Wl,--start-group,-lxil,-lgcc,-lc,--end-group
Finished building target: hello_dna.elf
 
Invoking: ARM v8 Print Size
aarch64-none-elf-size hello_dna.elf  |tee "hello_dna.elf.size"
   text	   data	    bss	    dec	    hex	filename
  30484	   2344	  20664	  53492	   d0f4	hello_dna.elf
Finished building: hello_dna.elf.size
 
15:29:35 **** Auto Build of project hello_dna_bsp ****
make -k all 
Running Make include in psu_cortexa53_0/libsrc/csudma_v1_2/src
make -C psu_cortexa53_0/libsrc/csudma_v1_2/src -s include  "SHELL=/bin/sh" "COMPILER=aarch64-none-elf-gcc" "ARCHIVER=aarch64-none-elf-ar" "COMPILER_FLAGS=  -O2 -c" "EXTRA_COMPILER_FLAGS=-g -Wall -Wextra"
Running Make include in psu_cortexa53_0/libsrc/standalone_v6_7/src
make -C psu_cortexa53_0/libsrc/standalone_v6_7/src -s include  "SHELL=/bin/sh" "COMPILER=aarch64-none-elf-gcc" "ARCHIVER=aarch64-none-elf-ar" "COMPILER_FLAGS=  -O2 -c" "EXTRA_COMPILER_FLAGS=-g -Wall -Wextra"
Running Make include in psu_cortexa53_0/libsrc/zdma_v1_5/src
make -C psu_cortexa53_0/libsrc/zdma_v1_5/src -s include  "SHELL=/bin/sh" "COMPILER=aarch64-none-elf-gcc" "ARCHIVER=aarch64-none-elf-ar" "COMPILER_FLAGS=  -O2 -c" "EXTRA_COMPILER_FLAGS=-g -Wall -Wextra"
Running Make include in psu_cortexa53_0/libsrc/ipipsu_v2_3/src
make -C psu_cortexa53_0/libsrc/ipipsu_v2_3/src -s include  "SHELL=/bin/sh" "COMPILER=aarch64-none-elf-gcc" "ARCHIVER=aarch64-none-elf-ar" "COMPILER_FLAGS=  -O2 -c" "EXTRA_COMPILER_FLAGS=-g -Wall -Wextra"
Running Make include in psu_cortexa53_0/libsrc/gpiops_v3_3/src
make -C psu_cortexa53_0/libsrc/gpiops_v3_3/src -s include  "SHELL=/bin/sh" "COMPILER=aarch64-none-elf-gcc" "ARCHIVER=aarch64-none-elf-ar" "COMPILER_FLAGS=  -O2 -c" "EXTRA_COMPILER_FLAGS=-g -Wall -Wextra"
Running Make include in psu_cortexa53_0/libsrc/scugic_v3_9/src
make -C psu_cortexa53_0/libsrc/scugic_v3_9/src -s include  "SHELL=/bin/sh" "COMPILER=aarch64-none-elf-gcc" "ARCHIVER=aarch64-none-elf-ar" "COMPILER_FLAGS=  -O2 -c" "EXTRA_COMPILER_FLAGS=-g -Wall -Wextra"
Running Make include in psu_cortexa53_0/libsrc/uartps_v3_6/src
make -C psu_cortexa53_0/libsrc/uartps_v3_6/src -s include  "SHELL=/bin/sh" "COMPILER=aarch64-none-elf-gcc" "ARCHIVER=aarch64-none-elf-ar" "COMPILER_FLAGS=  -O2 -c" "EXTRA_COMPILER_FLAGS=-g -Wall -Wextra"
Running Make include in psu_cortexa53_0/libsrc/avbuf_v2_2/src
make -C psu_cortexa53_0/libsrc/avbuf_v2_2/src -s include  "SHELL=/bin/sh" "COMPILER=aarch64-none-elf-gcc" "ARCHIVER=aarch64-none-elf-ar" "COMPILER_FLAGS=  -O2 -c" "EXTRA_COMPILER_FLAGS=-g -Wall -Wextra"
Running Make include in psu_cortexa53_0/libsrc/dpdma_v1_1/src
make -C psu_cortexa53_0/libsrc/dpdma_v1_1/src -s include  "SHELL=/bin/sh" "COMPILER=aarch64-none-elf-gcc" "ARCHIVER=aarch64-none-elf-ar" "COMPILER_FLAGS=  -O2 -c" "EXTRA_COMPILER_FLAGS=-g -Wall -Wextra"
Running Make include in psu_cortexa53_0/libsrc/sysmonpsu_v2_4/src
make -C psu_cortexa53_0/libsrc/sysmonpsu_v2_4/src -s include  "SHELL=/bin/sh" "COMPILER=aarch64-none-elf-gcc" "ARCHIVER=aarch64-none-elf-ar" "COMPILER_FLAGS=  -O2 -c" "EXTRA_COMPILER_FLAGS=-g -Wall -Wextra"
Running Make include in psu_cortexa53_0/libsrc/video_common_v4_4/src
make -C psu_cortexa53_0/libsrc/video_common_v4_4/src -s include  "SHELL=/bin/sh" "COMPILER=aarch64-none-elf-gcc" "ARCHIVER=aarch64-none-elf-ar" "COMPILER_FLAGS=  -O2 -c" "EXTRA_COMPILER_FLAGS=-g -Wall -Wextra"
Running Make include in psu_cortexa53_0/libsrc/rtcpsu_v1_5/src
make -C psu_cortexa53_0/libsrc/rtcpsu_v1_5/src -s include  "SHELL=/bin/sh" "COMPILER=aarch64-none-elf-gcc" "ARCHIVER=aarch64-none-elf-ar" "COMPILER_FLAGS=  -O2 -c" "EXTRA_COMPILER_FLAGS=-g -Wall -Wextra"
Running Make include in psu_cortexa53_0/libsrc/ddrcpsu_v1_1/src
make -C psu_cortexa53_0/libsrc/ddrcpsu_v1_1/src -s include  "SHELL=/bin/sh" "COMPILER=aarch64-none-elf-gcc" "ARCHIVER=aarch64-none-elf-ar" "COMPILER_FLAGS=  -O2 -c" "EXTRA_COMPILER_FLAGS=-g -Wall -Wextra"
Running Make include in psu_cortexa53_0/libsrc/spips_v3_1/src
make -C psu_cortexa53_0/libsrc/spips_v3_1/src -s include  "SHELL=/bin/sh" "COMPILER=aarch64-none-elf-gcc" "ARCHIVER=aarch64-none-elf-ar" "COMPILER_FLAGS=  -O2 -c" "EXTRA_COMPILER_FLAGS=-g -Wall -Wextra"
Running Make include in psu_cortexa53_0/libsrc/cpu_cortexa53_v1_5/src
make -C psu_cortexa53_0/libsrc/cpu_cortexa53_v1_5/src -s include  "SHELL=/bin/sh" "COMPILER=aarch64-none-elf-gcc" "ARCHIVER=aarch64-none-elf-ar" "COMPILER_FLAGS=  -O2 -c" "EXTRA_COMPILER_FLAGS=-g -Wall -Wextra"
Running Make include in psu_cortexa53_0/libsrc/ttcps_v3_6/src
make -C psu_cortexa53_0/libsrc/ttcps_v3_6/src -s include  "SHELL=/bin/sh" "COMPILER=aarch64-none-elf-gcc" "ARCHIVER=aarch64-none-elf-ar" "COMPILER_FLAGS=  -O2 -c" "EXTRA_COMPILER_FLAGS=-g -Wall -Wextra"
Running Make include in psu_cortexa53_0/libsrc/resetps_v1_1/src
make -C psu_cortexa53_0/libsrc/resetps_v1_1/src -s include  "SHELL=/bin/sh" "COMPILER=aarch64-none-elf-gcc" "ARCHIVER=aarch64-none-elf-ar" "COMPILER_FLAGS=  -O2 -c" "EXTRA_COMPILER_FLAGS=-g -Wall -Wextra"
Running Make include in psu_cortexa53_0/libsrc/wdtps_v3_0/src
make -C psu_cortexa53_0/libsrc/wdtps_v3_0/src -s include  "SHELL=/bin/sh" "COMPILER=aarch64-none-elf-gcc" "ARCHIVER=aarch64-none-elf-ar" "COMPILER_FLAGS=  -O2 -c" "EXTRA_COMPILER_FLAGS=-g -Wall -Wextra"
Running Make include in psu_cortexa53_0/libsrc/axipmon_v6_6/src
make -C psu_cortexa53_0/libsrc/axipmon_v6_6/src -s include  "SHELL=/bin/sh" "COMPILER=aarch64-none-elf-gcc" "ARCHIVER=aarch64-none-elf-ar" "COMPILER_FLAGS=  -O2 -c" "EXTRA_COMPILER_FLAGS=-g -Wall -Wextra"
Running Make include in psu_cortexa53_0/libsrc/iicps_v3_7/src
make -C psu_cortexa53_0/libsrc/iicps_v3_7/src -s include  "SHELL=/bin/sh" "COMPILER=aarch64-none-elf-gcc" "ARCHIVER=aarch64-none-elf-ar" "COMPILER_FLAGS=  -O2 -c" "EXTRA_COMPILER_FLAGS=-g -Wall -Wextra"
Running Make include in psu_cortexa53_0/libsrc/sdps_v3_5/src
make -C psu_cortexa53_0/libsrc/sdps_v3_5/src -s include  "SHELL=/bin/sh" "COMPILER=aarch64-none-elf-gcc" "ARCHIVER=aarch64-none-elf-ar" "COMPILER_FLAGS=  -O2 -c" "EXTRA_COMPILER_FLAGS=-g -Wall -Wextra"
Running Make include in psu_cortexa53_0/libsrc/coresightps_dcc_v1_4/src
make -C psu_cortexa53_0/libsrc/coresightps_dcc_v1_4/src -s include  "SHELL=/bin/sh" "COMPILER=aarch64-none-elf-gcc" "ARCHIVER=aarch64-none-elf-ar" "COMPILER_FLAGS=  -O2 -c" "EXTRA_COMPILER_FLAGS=-g -Wall -Wextra"
Running Make include in psu_cortexa53_0/libsrc/usbpsu_v1_4/src
make -C psu_cortexa53_0/libsrc/usbpsu_v1_4/src -s include  "SHELL=/bin/sh" "COMPILER=aarch64-none-elf-gcc" "ARCHIVER=aarch64-none-elf-ar" "COMPILER_FLAGS=  -O2 -c" "EXTRA_COMPILER_FLAGS=-g -Wall -Wextra"
Running Make libs in psu_cortexa53_0/libsrc/csudma_v1_2/src
make -C psu_cortexa53_0/libsrc/csudma_v1_2/src -s libs  "SHELL=/bin/sh" "COMPILER=aarch64-none-elf-gcc" "ARCHIVER=aarch64-none-elf-ar" "COMPILER_FLAGS=  -O2 -c" "EXTRA_COMPILER_FLAGS=-g -Wall -Wextra"
Compiling csudma
aarch64-none-elf-ar: creating ../../../lib/libxil.a
Running Make libs in psu_cortexa53_0/libsrc/standalone_v6_7/src
make -C psu_cortexa53_0/libsrc/standalone_v6_7/src -s libs  "SHELL=/bin/sh" "COMPILER=aarch64-none-elf-gcc" "ARCHIVER=aarch64-none-elf-ar" "COMPILER_FLAGS=  -O2 -c" "EXTRA_COMPILER_FLAGS=-g -Wall -Wextra"
Compiling standalone A53
In file included from sleep.c:63:0:
xtime_l.h:81:9: note: #pragma message: For the sleep routines, Global timer is being used
 #pragma message ("For the sleep routines, Global timer is being used")
         ^~~~~~~
In file included from xil_sleeptimer.c:55:0:
xtime_l.h:81:9: note: #pragma message: For the sleep routines, Global timer is being used
 #pragma message ("For the sleep routines, Global timer is being used")
         ^~~~~~~
In file included from xtime_l.c:56:0:
xtime_l.h:81:9: note: #pragma message: For the sleep routines, Global timer is being used
 #pragma message ("For the sleep routines, Global timer is being used")
         ^~~~~~~
translation_table.S:149:2: warning: #warning "There's no DDR_1 in the HW design. MMU translation table marks 32 GB DDR address space as undefined" [-Wcpp]
 #warning "There's no DDR_1 in the HW design. MMU translation table marks 32 GB DDR address space as undefined"
  ^~~~~~~
Running Make libs in psu_cortexa53_0/libsrc/zdma_v1_5/src
make -C psu_cortexa53_0/libsrc/zdma_v1_5/src -s libs  "SHELL=/bin/sh" "COMPILER=aarch64-none-elf-gcc" "ARCHIVER=aarch64-none-elf-ar" "COMPILER_FLAGS=  -O2 -c" "EXTRA_COMPILER_FLAGS=-g -Wall -Wextra"
Compiling zdma
Running Make libs in psu_cortexa53_0/libsrc/ipipsu_v2_3/src
make -C psu_cortexa53_0/libsrc/ipipsu_v2_3/src -s libs  "SHELL=/bin/sh" "COMPILER=aarch64-none-elf-gcc" "ARCHIVER=aarch64-none-elf-ar" "COMPILER_FLAGS=  -O2 -c" "EXTRA_COMPILER_FLAGS=-g -Wall -Wextra"
Compiling ipipsu
Running Make libs in psu_cortexa53_0/libsrc/gpiops_v3_3/src
make -C psu_cortexa53_0/libsrc/gpiops_v3_3/src -s libs  "SHELL=/bin/sh" "COMPILER=aarch64-none-elf-gcc" "ARCHIVER=aarch64-none-elf-ar" "COMPILER_FLAGS=  -O2 -c" "EXTRA_COMPILER_FLAGS=-g -Wall -Wextra"
Compiling gpiops
Running Make libs in psu_cortexa53_0/libsrc/scugic_v3_9/src
make -C psu_cortexa53_0/libsrc/scugic_v3_9/src -s libs  "SHELL=/bin/sh" "COMPILER=aarch64-none-elf-gcc" "ARCHIVER=aarch64-none-elf-ar" "COMPILER_FLAGS=  -O2 -c" "EXTRA_COMPILER_FLAGS=-g -Wall -Wextra"
Compiling scugic
Running Make libs in psu_cortexa53_0/libsrc/uartps_v3_6/src
make -C psu_cortexa53_0/libsrc/uartps_v3_6/src -s libs  "SHELL=/bin/sh" "COMPILER=aarch64-none-elf-gcc" "ARCHIVER=aarch64-none-elf-ar" "COMPILER_FLAGS=  -O2 -c" "EXTRA_COMPILER_FLAGS=-g -Wall -Wextra"
Compiling uartps
Running Make libs in psu_cortexa53_0/libsrc/avbuf_v2_2/src
make -C psu_cortexa53_0/libsrc/avbuf_v2_2/src -s libs  "SHELL=/bin/sh" "COMPILER=aarch64-none-elf-gcc" "ARCHIVER=aarch64-none-elf-ar" "COMPILER_FLAGS=  -O2 -c" "EXTRA_COMPILER_FLAGS=-g -Wall -Wextra"
Compiling avbuf
Running Make libs in psu_cortexa53_0/libsrc/dpdma_v1_1/src
make -C psu_cortexa53_0/libsrc/dpdma_v1_1/src -s libs  "SHELL=/bin/sh" "COMPILER=aarch64-none-elf-gcc" "ARCHIVER=aarch64-none-elf-ar" "COMPILER_FLAGS=  -O2 -c" "EXTRA_COMPILER_FLAGS=-g -Wall -Wextra"
Compiling dpdma
Running Make libs in psu_cortexa53_0/libsrc/sysmonpsu_v2_4/src
make -C psu_cortexa53_0/libsrc/sysmonpsu_v2_4/src -s libs  "SHELL=/bin/sh" "COMPILER=aarch64-none-elf-gcc" "ARCHIVER=aarch64-none-elf-ar" "COMPILER_FLAGS=  -O2 -c" "EXTRA_COMPILER_FLAGS=-g -Wall -Wextra"
Compiling sysmonpsu
Running Make libs in psu_cortexa53_0/libsrc/video_common_v4_4/src
make -C psu_cortexa53_0/libsrc/video_common_v4_4/src -s libs  "SHELL=/bin/sh" "COMPILER=aarch64-none-elf-gcc" "ARCHIVER=aarch64-none-elf-ar" "COMPILER_FLAGS=  -O2 -c" "EXTRA_COMPILER_FLAGS=-g -Wall -Wextra"
Compiling video_common
Running Make libs in psu_cortexa53_0/libsrc/rtcpsu_v1_5/src
make -C psu_cortexa53_0/libsrc/rtcpsu_v1_5/src -s libs  "SHELL=/bin/sh" "COMPILER=aarch64-none-elf-gcc" "ARCHIVER=aarch64-none-elf-ar" "COMPILER_FLAGS=  -O2 -c" "EXTRA_COMPILER_FLAGS=-g -Wall -Wextra"
Compiling rtcpsu
Running Make libs in psu_cortexa53_0/libsrc/ddrcpsu_v1_1/src
make -C psu_cortexa53_0/libsrc/ddrcpsu_v1_1/src -s libs  "SHELL=/bin/sh" "COMPILER=aarch64-none-elf-gcc" "ARCHIVER=aarch64-none-elf-ar" "COMPILER_FLAGS=  -O2 -c" "EXTRA_COMPILER_FLAGS=-g -Wall -Wextra"
Compiling ddrcpsu
Running Make libs in psu_cortexa53_0/libsrc/spips_v3_1/src
make -C psu_cortexa53_0/libsrc/spips_v3_1/src -s libs  "SHELL=/bin/sh" "COMPILER=aarch64-none-elf-gcc" "ARCHIVER=aarch64-none-elf-ar" "COMPILER_FLAGS=  -O2 -c" "EXTRA_COMPILER_FLAGS=-g -Wall -Wextra"
Compiling spips
Running Make libs in psu_cortexa53_0/libsrc/cpu_cortexa53_v1_5/src
make -C psu_cortexa53_0/libsrc/cpu_cortexa53_v1_5/src -s libs  "SHELL=/bin/sh" "COMPILER=aarch64-none-elf-gcc" "ARCHIVER=aarch64-none-elf-ar" "COMPILER_FLAGS=  -O2 -c" "EXTRA_COMPILER_FLAGS=-g -Wall -Wextra"
Compiling cpu_cortexa53
Running Make libs in psu_cortexa53_0/libsrc/ttcps_v3_6/src
make -C psu_cortexa53_0/libsrc/ttcps_v3_6/src -s libs  "SHELL=/bin/sh" "COMPILER=aarch64-none-elf-gcc" "ARCHIVER=aarch64-none-elf-ar" "COMPILER_FLAGS=  -O2 -c" "EXTRA_COMPILER_FLAGS=-g -Wall -Wextra"
Compiling ttcps
Running Make libs in psu_cortexa53_0/libsrc/resetps_v1_1/src
make -C psu_cortexa53_0/libsrc/resetps_v1_1/src -s libs  "SHELL=/bin/sh" "COMPILER=aarch64-none-elf-gcc" "ARCHIVER=aarch64-none-elf-ar" "COMPILER_FLAGS=  -O2 -c" "EXTRA_COMPILER_FLAGS=-g -Wall -Wextra"
Compiling resetps
Running Make libs in psu_cortexa53_0/libsrc/wdtps_v3_0/src
make -C psu_cortexa53_0/libsrc/wdtps_v3_0/src -s libs  "SHELL=/bin/sh" "COMPILER=aarch64-none-elf-gcc" "ARCHIVER=aarch64-none-elf-ar" "COMPILER_FLAGS=  -O2 -c" "EXTRA_COMPILER_FLAGS=-g -Wall -Wextra"
Compiling wdtps
Running Make libs in psu_cortexa53_0/libsrc/axipmon_v6_6/src
make -C psu_cortexa53_0/libsrc/axipmon_v6_6/src -s libs  "SHELL=/bin/sh" "COMPILER=aarch64-none-elf-gcc" "ARCHIVER=aarch64-none-elf-ar" "COMPILER_FLAGS=  -O2 -c" "EXTRA_COMPILER_FLAGS=-g -Wall -Wextra"
Compiling axipmon
Running Make libs in psu_cortexa53_0/libsrc/iicps_v3_7/src
make -C psu_cortexa53_0/libsrc/iicps_v3_7/src -s libs  "SHELL=/bin/sh" "COMPILER=aarch64-none-elf-gcc" "ARCHIVER=aarch64-none-elf-ar" "COMPILER_FLAGS=  -O2 -c" "EXTRA_COMPILER_FLAGS=-g -Wall -Wextra"
Compiling iicps
Running Make libs in psu_cortexa53_0/libsrc/sdps_v3_5/src
make -C psu_cortexa53_0/libsrc/sdps_v3_5/src -s libs  "SHELL=/bin/sh" "COMPILER=aarch64-none-elf-gcc" "ARCHIVER=aarch64-none-elf-ar" "COMPILER_FLAGS=  -O2 -c" "EXTRA_COMPILER_FLAGS=-g -Wall -Wextra"
Compiling sdps
Running Make libs in psu_cortexa53_0/libsrc/coresightps_dcc_v1_4/src
make -C psu_cortexa53_0/libsrc/coresightps_dcc_v1_4/src -s libs  "SHELL=/bin/sh" "COMPILER=aarch64-none-elf-gcc" "ARCHIVER=aarch64-none-elf-ar" "COMPILER_FLAGS=  -O2 -c" "EXTRA_COMPILER_FLAGS=-g -Wall -Wextra"
Compiling coresightps_dcc
Running Make libs in psu_cortexa53_0/libsrc/usbpsu_v1_4/src
make -C psu_cortexa53_0/libsrc/usbpsu_v1_4/src -s libs  "SHELL=/bin/sh" "COMPILER=aarch64-none-elf-gcc" "ARCHIVER=aarch64-none-elf-ar" "COMPILER_FLAGS=  -O2 -c" "EXTRA_COMPILER_FLAGS=-g -Wall -Wextra"
Compiling usbpsu
Finished building libraries
15:29:46 **** Auto Build of configuration Debug for project hello_dna ****
make all 
Building file: ../src/helloworld.c
Invoking: ARM v8 gcc compiler
aarch64-none-elf-gcc -Wall -O0 -g3 -c -fmessage-length=0 -MT"src/helloworld.o" -I../../hello_dna_bsp/psu_cortexa53_0/include -MMD -MP -MF"src/helloworld.d" -MT"src/helloworld.o" -o "src/helloworld.o" "../src/helloworld.c"
Finished building: ../src/helloworld.c
 
Building file: ../src/platform.c
Invoking: ARM v8 gcc compiler
aarch64-none-elf-gcc -Wall -O0 -g3 -c -fmessage-length=0 -MT"src/platform.o" -I../../hello_dna_bsp/psu_cortexa53_0/include -MMD -MP -MF"src/platform.d" -MT"src/platform.o" -o "src/platform.o" "../src/platform.c"
Finished building: ../src/platform.c
 
Building target: hello_dna.elf
Invoking: ARM v8 gcc linker
aarch64-none-elf-gcc -Wl,-T -Wl,../src/lscript.ld -L../../hello_dna_bsp/psu_cortexa53_0/lib -o "hello_dna.elf"  ./src/helloworld.o ./src/platform.o   -Wl,--start-group,-lxil,-lgcc,-lc,--end-group
Finished building target: hello_dna.elf
 
Invoking: ARM v8 Print Size
aarch64-none-elf-size hello_dna.elf  |tee "hello_dna.elf.size"
   text	   data	    bss	    dec	    hex	filename
  30484	   2344	  20664	  53492	   d0f4	hello_dna.elf
Finished building: hello_dna.elf.size
 
15:36:57 **** Incremental Build of configuration Debug for project hello_dna ****
make all 
make: Nothing to be done for 'all'.
15:44:10 **** Auto Build of configuration Debug for project hello_dna ****
make all 
make: Nothing to be done for 'all'.
15:44:15 **** Auto Build of configuration Debug for project hello_dna ****
make all 
make: Nothing to be done for 'all'.
15:44:31 **** Auto Build of configuration Debug for project hello_dna ****
make all 
Building file: ../src/zynq_AXI_DNA.c
Invoking: ARM v8 gcc compiler
aarch64-none-elf-gcc -Wall -O0 -g3 -c -fmessage-length=0 -MT"src/zynq_AXI_DNA.o" -I../../hello_dna_bsp/psu_cortexa53_0/include -MMD -MP -MF"src/zynq_AXI_DNA.d" -MT"src/zynq_AXI_DNA.o" -o "src/zynq_AXI_DNA.o" "../src/zynq_AXI_DNA.c"
Finished building: ../src/zynq_AXI_DNA.c
 
Building target: hello_dna.elf
Invoking: ARM v8 gcc linker
aarch64-none-elf-gcc -Wl,-T -Wl,../src/lscript.ld -L../../hello_dna_bsp/psu_cortexa53_0/lib -o "hello_dna.elf"  ./src/helloworld.o ./src/platform.o ./src/zynq_AXI_DNA.o   -Wl,--start-group,-lxil,-lgcc,-lc,--end-group
Finished building target: hello_dna.elf
 
Invoking: ARM v8 Print Size
aarch64-none-elf-size hello_dna.elf  |tee "hello_dna.elf.size"
   text	   data	    bss	    dec	    hex	filename
  30484	   2344	  20664	  53492	   d0f4	hello_dna.elf
Finished building: hello_dna.elf.size
 
15:44:41 **** Auto Build of configuration Debug for project hello_dna ****
make all 
Building file: ../src/zynq_AXI_DNA.c
Invoking: ARM v8 gcc compiler
aarch64-none-elf-gcc -Wall -O0 -g3 -c -fmessage-length=0 -MT"src/zynq_AXI_DNA.o" -I../../hello_dna_bsp/psu_cortexa53_0/include -MMD -MP -MF"src/zynq_AXI_DNA.d" -MT"src/zynq_AXI_DNA.o" -o "src/zynq_AXI_DNA.o" "../src/zynq_AXI_DNA.c"
Finished building: ../src/zynq_AXI_DNA.c
 
Building target: hello_dna.elf
Invoking: ARM v8 gcc linker
aarch64-none-elf-gcc -Wl,-T -Wl,../src/lscript.ld -L../../hello_dna_bsp/psu_cortexa53_0/lib -o "hello_dna.elf"  ./src/helloworld.o ./src/platform.o ./src/zynq_AXI_DNA.o   -Wl,--start-group,-lxil,-lgcc,-lc,--end-group
Finished building target: hello_dna.elf
 
Invoking: ARM v8 Print Size
aarch64-none-elf-size hello_dna.elf  |tee "hello_dna.elf.size"
   text	   data	    bss	    dec	    hex	filename
  30484	   2344	  20664	  53492	   d0f4	hello_dna.elf
Finished building: hello_dna.elf.size
 
15:44:59 **** Auto Build of configuration Debug for project hello_dna ****
make all 
Building file: ../src/zynq_AXI_DNA_selftest.c
Invoking: ARM v8 gcc compiler
aarch64-none-elf-gcc -Wall -O0 -g3 -c -fmessage-length=0 -MT"src/zynq_AXI_DNA_selftest.o" -I../../hello_dna_bsp/psu_cortexa53_0/include -MMD -MP -MF"src/zynq_AXI_DNA_selftest.d" -MT"src/zynq_AXI_DNA_selftest.o" -o "src/zynq_AXI_DNA_selftest.o" "../src/zynq_AXI_DNA_selftest.c"
Finished building: ../src/zynq_AXI_DNA_selftest.c
 
Building target: hello_dna.elf
Invoking: ARM v8 gcc linker
aarch64-none-elf-gcc -Wl,-T -Wl,../src/lscript.ld -L../../hello_dna_bsp/psu_cortexa53_0/lib -o "hello_dna.elf"  ./src/helloworld.o ./src/platform.o ./src/zynq_AXI_DNA.o ./src/zynq_AXI_DNA_selftest.o   -Wl,--start-group,-lxil,-lgcc,-lc,--end-group
Finished building target: hello_dna.elf
 
Invoking: ARM v8 Print Size
aarch64-none-elf-size hello_dna.elf  |tee "hello_dna.elf.size"
   text	   data	    bss	    dec	    hex	filename
  30484	   2344	  20664	  53492	   d0f4	hello_dna.elf
Finished building: hello_dna.elf.size
 
15:45:03 **** Auto Build of configuration Debug for project hello_dna ****
make all 
Building file: ../src/zynq_AXI_DNA_selftest.c
Invoking: ARM v8 gcc compiler
aarch64-none-elf-gcc -Wall -O0 -g3 -c -fmessage-length=0 -MT"src/zynq_AXI_DNA_selftest.o" -I../../hello_dna_bsp/psu_cortexa53_0/include -MMD -MP -MF"src/zynq_AXI_DNA_selftest.d" -MT"src/zynq_AXI_DNA_selftest.o" -o "src/zynq_AXI_DNA_selftest.o" "../src/zynq_AXI_DNA_selftest.c"
../src/zynq_AXI_DNA_selftest.c: In function 'ZYNQ_AXI_DNA_Reg_SelfTest':
../src/zynq_AXI_DNA_selftest.c:38:13: warning: cast from pointer to integer of different size [-Wpointer-to-int-cast]
  baseaddr = (u32) baseaddr_p;
             ^
../src/zynq_AXI_DNA_selftest.c:36:6: warning: unused variable 'Index' [-Wunused-variable]
  int Index;
      ^~~~~
Finished building: ../src/zynq_AXI_DNA_selftest.c
 
Building target: hello_dna.elf
Invoking: ARM v8 gcc linker
aarch64-none-elf-gcc -Wl,-T -Wl,../src/lscript.ld -L../../hello_dna_bsp/psu_cortexa53_0/lib -o "hello_dna.elf"  ./src/helloworld.o ./src/platform.o ./src/zynq_AXI_DNA.o ./src/zynq_AXI_DNA_selftest.o   -Wl,--start-group,-lxil,-lgcc,-lc,--end-group
Finished building target: hello_dna.elf
 
Invoking: ARM v8 Print Size
aarch64-none-elf-size hello_dna.elf  |tee "hello_dna.elf.size"
   text	   data	    bss	    dec	    hex	filename
  33684	   2352	  20632	  56668	   dd5c	hello_dna.elf
Finished building: hello_dna.elf.size
 
15:45:35 **** Auto Build of configuration Debug for project hello_dna ****
make all 
Building file: ../src/helloworld.c
Invoking: ARM v8 gcc compiler
aarch64-none-elf-gcc -Wall -O0 -g3 -c -fmessage-length=0 -MT"src/helloworld.o" -I../../hello_dna_bsp/psu_cortexa53_0/include -MMD -MP -MF"src/helloworld.d" -MT"src/helloworld.o" -o "src/helloworld.o" "../src/helloworld.c"
../src/helloworld.c: In function 'ZYNQ_AXI_DNA_Reg_SelfTest':
../src/helloworld.c:71:13: warning: cast from pointer to integer of different size [-Wpointer-to-int-cast]
  baseaddr = (u32) baseaddr_p;
             ^
In file included from ../src/helloworld.c:51:0:
../src/zynq_AXI_DNA.h:35:4: warning: implicit declaration of function 'Xil_Out32' [-Wimplicit-function-declaration]
    Xil_Out32((BaseAddress) + (RegOffset), (u32)(Data))
    ^
../src/helloworld.c:83:4: note: in expansion of macro 'ZYNQ_AXI_DNA_mWriteReg'
    ZYNQ_AXI_DNA_mWriteReg (baseaddr, write_loop_index*4, (write_loop_index+1)*READ_WRITE_MUL_FACTOR);
    ^~~~~~~~~~~~~~~~~~~~~~
../src/helloworld.c:83:79: error: 'READ_WRITE_MUL_FACTOR' undeclared (first use in this function); did you mean '_READ_WRITE_RETURN_TYPE'?
    ZYNQ_AXI_DNA_mWriteReg (baseaddr, write_loop_index*4, (write_loop_index+1)*READ_WRITE_MUL_FACTOR);
                                                                               ^
../src/zynq_AXI_DNA.h:35:49: note: in definition of macro 'ZYNQ_AXI_DNA_mWriteReg'
    Xil_Out32((BaseAddress) + (RegOffset), (u32)(Data))
                                                 ^~~~
../src/helloworld.c:83:79: note: each undeclared identifier is reported only once for each function it appears in
    ZYNQ_AXI_DNA_mWriteReg (baseaddr, write_loop_index*4, (write_loop_index+1)*READ_WRITE_MUL_FACTOR);
                                                                               ^
../src/zynq_AXI_DNA.h:35:49: note: in definition of macro 'ZYNQ_AXI_DNA_mWriteReg'
    Xil_Out32((BaseAddress) + (RegOffset), (u32)(Data))
                                                 ^~~~
../src/zynq_AXI_DNA.h:55:5: warning: implicit declaration of function 'Xil_In32' [-Wimplicit-function-declaration]
src/subdir.mk:30: recipe for target 'src/helloworld.o' failed
     Xil_In32((BaseAddress) + (RegOffset))
     ^
../src/helloworld.c:85:9: note: in expansion of macro 'ZYNQ_AXI_DNA_mReadReg'
    if ( ZYNQ_AXI_DNA_mReadReg (baseaddr, read_loop_index*4) != (read_loop_index+1)*READ_WRITE_MUL_FACTOR){
         ^~~~~~~~~~~~~~~~~~~~~
../src/helloworld.c:69:6: warning: unused variable 'Index' [-Wunused-variable]
  int Index;
      ^~~~~
make: *** [src/helloworld.o] Error 1
15:45:59 **** Auto Build of configuration Debug for project hello_dna ****
make all 
Building file: ../src/helloworld.c
Invoking: ARM v8 gcc compiler
aarch64-none-elf-gcc -Wall -O0 -g3 -c -fmessage-length=0 -MT"src/helloworld.o" -I../../hello_dna_bsp/psu_cortexa53_0/include -MMD -MP -MF"src/helloworld.d" -MT"src/helloworld.o" -o "src/helloworld.o" "../src/helloworld.c"
../src/helloworld.c: In function 'ZYNQ_AXI_DNA_Reg_SelfTest':
../src/helloworld.c:73:13: warning: cast from pointer to integer of different size [-Wpointer-to-int-cast]
  baseaddr = (u32) baseaddr_p;
             ^
In file included from ../src/helloworld.c:51:0:
../src/zynq_AXI_DNA.h:35:4: warning: implicit declaration of function 'Xil_Out32' [-Wimplicit-function-declaration]
    Xil_Out32((BaseAddress) + (RegOffset), (u32)(Data))
    ^
../src/helloworld.c:85:4: note: in expansion of macro 'ZYNQ_AXI_DNA_mWriteReg'
    ZYNQ_AXI_DNA_mWriteReg (baseaddr, write_loop_index*4, (write_loop_index+1)*READ_WRITE_MUL_FACTOR);
    ^~~~~~~~~~~~~~~~~~~~~~
../src/zynq_AXI_DNA.h:55:5: warning: implicit declaration of function 'Xil_In32' [-Wimplicit-function-declaration]
     Xil_In32((BaseAddress) + (RegOffset))
     ^
../src/helloworld.c:87:9: note: in expansion of macro 'ZYNQ_AXI_DNA_mReadReg'
    if ( ZYNQ_AXI_DNA_mReadReg (baseaddr, read_loop_index*4) != (read_loop_index+1)*READ_WRITE_MUL_FACTOR){
         ^~~~~~~~~~~~~~~~~~~~~
../src/helloworld.c:71:6: warning: unused variable 'Index' [-Wunused-variable]
  int Index;
      ^~~~~
Finished building: ../src/helloworld.c
 
Building target: hello_dna.elf
Invoking: ARM v8 gcc linker
aarch64-none-elf-gcc -Wl,-T -Wl,../src/lscript.ld -L../../hello_dna_bsp/psu_cortexa53_0/lib -o "hello_dna.elf"  ./src/helloworld.o ./src/platform.o ./src/zynq_AXI_DNA.o ./src/zynq_AXI_DNA_selftest.o   -Wl,--start-group,-lxil,-lgcc,-lc,--end-group
./src/zynq_AXI_DNA_selftest.o: In function `ZYNQ_AXI_DNA_Reg_SelfTest':
/home/alex/GitHub/zynq-dna/zynq-dna.sdk/hello_dna/Debug/../src/zynq_AXI_DNA_selftest.c:32: multiple definition of `ZYNQ_AXI_DNA_Reg_SelfTest'
./src/helloworld.o:/home/alex/GitHub/zynq-dna/zynq-dna.sdk/hello_dna/Debug/../src/helloworld.c:67: first defined here
makefile:36: recipe for target 'hello_dna.elf' failed
./src/helloworld.o: In function `ZYNQ_AXI_DNA_Reg_SelfTest':
/home/alex/GitHub/zynq-dna/zynq-dna.sdk/hello_dna/Debug/../src/helloworld.c:85: undefined reference to `Xil_Out32'
/home/alex/GitHub/zynq-dna/zynq-dna.sdk/hello_dna/Debug/../src/helloworld.c:87: undefined reference to `Xil_In32'
collect2: error: ld returned 1 exit status
make: *** [hello_dna.elf] Error 1
15:46:16 **** Auto Build of configuration Debug for project hello_dna ****
make all 
Building file: ../src/zynq_AXI_DNA_selftest.c
Invoking: ARM v8 gcc compiler
aarch64-none-elf-gcc -Wall -O0 -g3 -c -fmessage-length=0 -MT"src/zynq_AXI_DNA_selftest.o" -I../../hello_dna_bsp/psu_cortexa53_0/include -MMD -MP -MF"src/zynq_AXI_DNA_selftest.d" -MT"src/zynq_AXI_DNA_selftest.o" -o "src/zynq_AXI_DNA_selftest.o" "../src/zynq_AXI_DNA_selftest.c"
Finished building: ../src/zynq_AXI_DNA_selftest.c
 
Building target: hello_dna.elf
Invoking: ARM v8 gcc linker
aarch64-none-elf-gcc -Wl,-T -Wl,../src/lscript.ld -L../../hello_dna_bsp/psu_cortexa53_0/lib -o "hello_dna.elf"  ./src/helloworld.o ./src/platform.o ./src/zynq_AXI_DNA.o ./src/zynq_AXI_DNA_selftest.o   -Wl,--start-group,-lxil,-lgcc,-lc,--end-group
./src/helloworld.o: In function `ZYNQ_AXI_DNA_Reg_SelfTest':
/home/alex/GitHub/zynq-dna/zynq-dna.sdk/hello_dna/Debug/../src/helloworld.c:85: undefined reference to `Xil_Out32'
makefile:36: recipe for target 'hello_dna.elf' failed
/home/alex/GitHub/zynq-dna/zynq-dna.sdk/hello_dna/Debug/../src/helloworld.c:87: undefined reference to `Xil_In32'
collect2: error: ld returned 1 exit status
make: *** [hello_dna.elf] Error 1
15:46:29 **** Auto Build of configuration Debug for project hello_dna ****
make all 
Building file: ../src/helloworld.c
Invoking: ARM v8 gcc compiler
aarch64-none-elf-gcc -Wall -O0 -g3 -c -fmessage-length=0 -MT"src/helloworld.o" -I../../hello_dna_bsp/psu_cortexa53_0/include -MMD -MP -MF"src/helloworld.d" -MT"src/helloworld.o" -o "src/helloworld.o" "../src/helloworld.c"
../src/helloworld.c: In function 'ZYNQ_AXI_DNA_Reg_SelfTest':
../src/helloworld.c:75:13: warning: cast from pointer to integer of different size [-Wpointer-to-int-cast]
  baseaddr = (u32) baseaddr_p;
             ^
../src/helloworld.c:73:6: warning: unused variable 'Index' [-Wunused-variable]
  int Index;
      ^~~~~
Finished building: ../src/helloworld.c
 
Building target: hello_dna.elf
Invoking: ARM v8 gcc linker
aarch64-none-elf-gcc -Wl,-T -Wl,../src/lscript.ld -L../../hello_dna_bsp/psu_cortexa53_0/lib -o "hello_dna.elf"  ./src/helloworld.o ./src/platform.o ./src/zynq_AXI_DNA.o ./src/zynq_AXI_DNA_selftest.o   -Wl,--start-group,-lxil,-lgcc,-lc,--end-group
Finished building target: hello_dna.elf
 
Invoking: ARM v8 Print Size
aarch64-none-elf-size hello_dna.elf  |tee "hello_dna.elf.size"
   text	   data	    bss	    dec	    hex	filename
  33684	   2352	  20632	  56668	   dd5c	hello_dna.elf
Finished building: hello_dna.elf.size
 
15:47:24 **** Auto Build of configuration Debug for project hello_dna ****
make all 
Building file: ../src/helloworld.c
Invoking: ARM v8 gcc compiler
aarch64-none-elf-gcc -Wall -O0 -g3 -c -fmessage-length=0 -MT"src/helloworld.o" -I../../hello_dna_bsp/psu_cortexa53_0/include -MMD -MP -MF"src/helloworld.d" -MT"src/helloworld.o" -o "src/helloworld.o" "../src/helloworld.c"
In file included from ../../hello_dna_bsp/psu_cortexa53_0/include/xil_printf.h:12:0,
                 from ../src/helloworld.c:50:
../src/helloworld.c: In function 'main':
../../hello_dna_bsp/psu_cortexa53_0/include/xparameters.h:591:43: warning: passing argument 1 of 'ZYNQ_AXI_DNA_Reg_SelfTest' makes pointer from integer without a cast [-Wint-conversion]
 #define XPAR_ZYNQ_AXI_DNA_V1_0_0_BASEADDR 0xA0000000
                                           ^
../src/helloworld.c:63:31: note: in expansion of macro 'XPAR_ZYNQ_AXI_DNA_V1_0_0_BASEADDR'
     ZYNQ_AXI_DNA_Reg_SelfTest(XPAR_ZYNQ_AXI_DNA_V1_0_0_BASEADDR);
                               ^
In file included from ../src/helloworld.c:51:0:
../src/zynq_AXI_DNA.h:77:9: note: expected 'void *' but argument is of type 'unsigned int'
 XStatus ZYNQ_AXI_DNA_Reg_SelfTest(void * baseaddr_p);
         ^~~~~~~~~~~~~~~~~~~~~~~~~
../src/helloworld.c: In function 'ZYNQ_AXI_DNA_Reg_SelfTest':
../src/helloworld.c:76:13: warning: cast from pointer to integer of different size [-Wpointer-to-int-cast]
  baseaddr = (u32) baseaddr_p;
             ^
../src/helloworld.c:74:6: warning: unused variable 'Index' [-Wunused-variable]
  int Index;
      ^~~~~
Finished building: ../src/helloworld.c
 
Building target: hello_dna.elf
Invoking: ARM v8 gcc linker
aarch64-none-elf-gcc -Wl,-T -Wl,../src/lscript.ld -L../../hello_dna_bsp/psu_cortexa53_0/lib -o "hello_dna.elf"  ./src/helloworld.o ./src/platform.o ./src/zynq_AXI_DNA.o ./src/zynq_AXI_DNA_selftest.o   -Wl,--start-group,-lxil,-lgcc,-lc,--end-group
Finished building target: hello_dna.elf
 
Invoking: ARM v8 Print Size
aarch64-none-elf-size hello_dna.elf  |tee "hello_dna.elf.size"
   text	   data	    bss	    dec	    hex	filename
  33684	   2352	  20632	  56668	   dd5c	hello_dna.elf
Finished building: hello_dna.elf.size
 
15:47:36 **** Incremental Build of configuration Debug for project hello_dna ****
make all 
make: Nothing to be done for 'all'.
15:48:42 **** Auto Build of configuration Debug for project hello_dna ****
make all 
Building file: ../src/helloworld.c
Invoking: ARM v8 gcc compiler
aarch64-none-elf-gcc -Wall -O0 -g3 -c -fmessage-length=0 -MT"src/helloworld.o" -I../../hello_dna_bsp/psu_cortexa53_0/include -MMD -MP -MF"src/helloworld.d" -MT"src/helloworld.o" -o "src/helloworld.o" "../src/helloworld.c"
In file included from ../../hello_dna_bsp/psu_cortexa53_0/include/xil_printf.h:12:0,
                 from ../src/helloworld.c:50:
../src/helloworld.c: In function 'main':
../../hello_dna_bsp/psu_cortexa53_0/include/xparameters.h:591:43: warning: passing argument 1 of 'ZYNQ_AXI_DNA_Reg_SelfTest' makes pointer from integer without a cast [-Wint-conversion]
 #define XPAR_ZYNQ_AXI_DNA_V1_0_0_BASEADDR 0xA0000000
                                           ^
../src/helloworld.c:63:31: note: in expansion of macro 'XPAR_ZYNQ_AXI_DNA_V1_0_0_BASEADDR'
     ZYNQ_AXI_DNA_Reg_SelfTest(XPAR_ZYNQ_AXI_DNA_V1_0_0_BASEADDR);
                               ^
In file included from ../src/helloworld.c:51:0:
../src/zynq_AXI_DNA.h:77:9: note: expected 'void *' but argument is of type 'unsigned int'
 XStatus ZYNQ_AXI_DNA_Reg_SelfTest(void * baseaddr_p);
         ^~~~~~~~~~~~~~~~~~~~~~~~~
../src/helloworld.c: In function 'ZYNQ_AXI_DNA_Reg_SelfTest':
../src/helloworld.c:76:13: warning: cast from pointer to integer of different size [-Wpointer-to-int-cast]
  baseaddr = (u32) baseaddr_p;
             ^
../src/helloworld.c:74:6: warning: unused variable 'Index' [-Wunused-variable]
  int Index;
      ^~~~~
Finished building: ../src/helloworld.c
 
[...]
../src/helloworld.c:91:9: warning: implicit declaration of function 'ZYNQ_AXI_DNA_mReadReg'; did you mean 'AXI_DNA_mReadReg'? [-Wimplicit-function-declaration]
    if ( ZYNQ_AXI_DNA_mReadReg (baseaddr, read_loop_index*4) != (read_loop_index+1)*READ_WRITE_MUL_FACTOR){
         ^~~~~~~~~~~~~~~~~~~~~
         AXI_DNA_mReadReg
../src/helloworld.c:74:6: warning: unused variable 'Index' [-Wunused-variable]
  int Index;
      ^~~~~
Finished building: ../src/helloworld.c
 
Building file: ../src/platform.c
Invoking: ARM v8 gcc compiler
aarch64-none-elf-gcc -Wall -O0 -g3 -c -fmessage-length=0 -MT"src/platform.o" -I../../hello_dna_bsp/psu_cortexa53_0/include -MMD -MP -MF"src/platform.d" -MT"src/platform.o" -o "src/platform.o" "../src/platform.c"
Finished building: ../src/platform.c
 
Building file: ../src/zynq_AXI_DNA.c
Invoking: ARM v8 gcc compiler
aarch64-none-elf-gcc -Wall -O0 -g3 -c -fmessage-length=0 -MT"src/zynq_AXI_DNA.o" -I../../hello_dna_bsp/psu_cortexa53_0/include -MMD -MP -MF"src/zynq_AXI_DNA.d" -MT"src/zynq_AXI_DNA.o" -o "src/zynq_AXI_DNA.o" "../src/zynq_AXI_DNA.c"
Finished building: ../src/zynq_AXI_DNA.c
 
Building target: hello_dna.elf
Invoking: ARM v8 gcc linker
aarch64-none-elf-gcc -Wl,-T -Wl,../src/lscript.ld -L../../hello_dna_bsp/psu_cortexa53_0/lib -o "hello_dna.elf"  ./src/AXI_DNA_selftest.o ./src/helloworld.o ./src/platform.o ./src/zynq_AXI_DNA.o   -Wl,--start-group,-lxil,-lgcc,-lc,--end-group
./src/helloworld.o: In function `ZYNQ_AXI_DNA_Reg_SelfTest':
/home/alex/GitHub/zynq-dna/zynq-dna.sdk/hello_dna/Debug/../src/helloworld.c:88: undefined reference to `ZYNQ_AXI_DNA_mWriteReg'
/home/alex/GitHub/zynq-dna/zynq-dna.sdk/hello_dna/Debug/../src/helloworld.c:91: undefined reference to `ZYNQ_AXI_DNA_mReadReg'
makefile:36: recipe for target 'hello_dna.elf' failed
collect2: error: ld returned 1 exit status
make: *** [hello_dna.elf] Error 1
17:02:45 **** Clean-only build of configuration Debug for project hello_dna ****
make clean 
rm -rf  ./src/AXI_DNA_selftest.o ./src/helloworld.o ./src/platform.o ./src/zynq_AXI_DNA.o  ./src/AXI_DNA_selftest.d ./src/helloworld.d ./src/platform.d ./src/zynq_AXI_DNA.d  hello_dna.elf.size  hello_dna.elf
 
17:02:45 **** Auto Build of configuration Debug for project hello_dna ****
make all 
Building file: ../src/AXI_DNA.c
Invoking: ARM v8 gcc compiler
aarch64-none-elf-gcc -Wall -O0 -g3 -c -fmessage-length=0 -MT"src/AXI_DNA.o" -I../../hello_dna_bsp/psu_cortexa53_0/include -MMD -MP -MF"src/AXI_DNA.d" -MT"src/AXI_DNA.o" -o "src/AXI_DNA.o" "../src/AXI_DNA.c"
Finished building: ../src/AXI_DNA.c
 
Building file: ../src/AXI_DNA_selftest.c
Invoking: ARM v8 gcc compiler
aarch64-none-elf-gcc -Wall -O0 -g3 -c -fmessage-length=0 -MT"src/AXI_DNA_selftest.o" -I../../hello_dna_bsp/psu_cortexa53_0/include -MMD -MP -MF"src/AXI_DNA_selftest.d" -MT"src/AXI_DNA_selftest.o" -o "src/AXI_DNA_selftest.o" "../src/AXI_DNA_selftest.c"
Finished building: ../src/AXI_DNA_selftest.c
 
Building file: ../src/helloworld.c
Invoking: ARM v8 gcc compiler
aarch64-none-elf-gcc -Wall -O0 -g3 -c -fmessage-length=0 -MT"src/helloworld.o" -I../../hello_dna_bsp/psu_cortexa53_0/include -MMD -MP -MF"src/helloworld.d" -MT"src/helloworld.o" -o "src/helloworld.o" "../src/helloworld.c"
../src/helloworld.c: In function 'main':
../src/helloworld.c:63:5: warning: implicit declaration of function 'ZYNQ_AXI_DNA_Reg_SelfTest'; did you mean 'AXI_DNA_Reg_SelfTest'? [-Wimplicit-function-declaration]
     ZYNQ_AXI_DNA_Reg_SelfTest(XPAR_AXI_DNA_V1_0_0_BASEADDR);
     ^~~~~~~~~~~~~~~~~~~~~~~~~
     AXI_DNA_Reg_SelfTest
../src/helloworld.c: In function 'ZYNQ_AXI_DNA_Reg_SelfTest':
../src/helloworld.c:76:13: warning: cast from pointer to integer of different size [-Wpointer-to-int-cast]
  baseaddr = (u32) baseaddr_p;
             ^
../src/helloworld.c:88:5: warning: implicit declaration of function 'ZYNQ_AXI_DNA_mWriteReg'; did you mean 'AXI_DNA_mWriteReg'? [-Wimplicit-function-declaration]
     ZYNQ_AXI_DNA_mWriteReg (baseaddr, write_loop_index*4, (write_loop_index+1)*READ_WRITE_MUL_FACTOR);
     ^~~~~~~~~~~~~~~~~~~~~~
     AXI_DNA_mWriteReg
../src/helloworld.c:91:9: warning: implicit declaration of function 'ZYNQ_AXI_DNA_mReadReg'; did you mean 'AXI_DNA_mReadReg'? [-Wimplicit-function-declaration]
    if ( ZYNQ_AXI_DNA_mReadReg (baseaddr, read_loop_index*4) != (read_loop_index+1)*READ_WRITE_MUL_FACTOR){
         ^~~~~~~~~~~~~~~~~~~~~
         AXI_DNA_mReadReg
../src/helloworld.c:74:6: warning: unused variable 'Index' [-Wunused-variable]
  int Index;
      ^~~~~
Finished building: ../src/helloworld.c
 
Building file: ../src/platform.c
Invoking: ARM v8 gcc compiler
aarch64-none-elf-gcc -Wall -O0 -g3 -c -fmessage-length=0 -MT"src/platform.o" -I../../hello_dna_bsp/psu_cortexa53_0/include -MMD -MP -MF"src/platform.d" -MT"src/platform.o" -o "src/platform.o" "../src/platform.c"
Finished building: ../src/platform.c
 
Building target: hello_dna.elf
Invoking: ARM v8 gcc linker
aarch64-none-elf-gcc -Wl,-T -Wl,../src/lscript.ld -L../../hello_dna_bsp/psu_cortexa53_0/lib -o "hello_dna.elf"  ./src/AXI_DNA.o ./src/AXI_DNA_selftest.o ./src/helloworld.o ./src/platform.o   -Wl,--start-group,-lxil,-lgcc,-lc,--end-group
./src/helloworld.o: In function `ZYNQ_AXI_DNA_Reg_SelfTest':
/home/alex/GitHub/zynq-dna/zynq-dna.sdk/hello_dna/Debug/../src/helloworld.c:88: undefined reference to `ZYNQ_AXI_DNA_mWriteReg'
/home/alex/GitHub/zynq-dna/zynq-dna.sdk/hello_dna/Debug/../src/helloworld.c:91: undefined reference to `ZYNQ_AXI_DNA_mReadReg'
collect2: error: ld returned 1 exit status
makefile:36: recipe for target 'hello_dna.elf' failed
make: *** [hello_dna.elf] Error 1
17:03:17 **** Auto Build of configuration Debug for project hello_dna ****
make all 
Building file: ../src/helloworld.c
Invoking: ARM v8 gcc compiler
aarch64-none-elf-gcc -Wall -O0 -g3 -c -fmessage-length=0 -MT"src/helloworld.o" -I../../hello_dna_bsp/psu_cortexa53_0/include -MMD -MP -MF"src/helloworld.d" -MT"src/helloworld.o" -o "src/helloworld.o" "../src/helloworld.c"
../src/helloworld.c: In function 'main':
../src/helloworld.c:63:5: warning: implicit declaration of function 'ZYNQ_AXI_DNA_Reg_SelfTest'; did you mean 'AXI_DNA_Reg_SelfTest'? [-Wimplicit-function-declaration]
     ZYNQ_AXI_DNA_Reg_SelfTest(XPAR_AXI_DNA_V1_0_0_BASEADDR);
     ^~~~~~~~~~~~~~~~~~~~~~~~~
     AXI_DNA_Reg_SelfTest
../src/helloworld.c: In function 'AXI_DNA_Reg_SelfTest':
../src/helloworld.c:76:13: warning: cast from pointer to integer of different size [-Wpointer-to-int-cast]
  baseaddr = (u32) baseaddr_p;
             ^
../src/helloworld.c:74:6: warning: unused variable 'Index' [-Wunused-variable]
  int Index;
      ^~~~~
Finished building: ../src/helloworld.c
 
Building target: hello_dna.elf
Invoking: ARM v8 gcc linker
aarch64-none-elf-gcc -Wl,-T -Wl,../src/lscript.ld -L../../hello_dna_bsp/psu_cortexa53_0/lib -o "hello_dna.elf"  ./src/AXI_DNA.o ./src/AXI_DNA_selftest.o ./src/helloworld.o ./src/platform.o   -Wl,--start-group,-lxil,-lgcc,-lc,--end-group
./src/helloworld.o: In function `main':
/home/alex/GitHub/zynq-dna/zynq-dna.sdk/hello_dna/Debug/../src/helloworld.c:63: undefined reference to `ZYNQ_AXI_DNA_Reg_SelfTest'
collect2: error: ld returned 1 exit status
makefile:36: recipe for target 'hello_dna.elf' failed
make: *** [hello_dna.elf] Error 1
17:03:24 **** Auto Build of configuration Debug for project hello_dna ****
make all 
Building file: ../src/helloworld.c
Invoking: ARM v8 gcc compiler
aarch64-none-elf-gcc -Wall -O0 -g3 -c -fmessage-length=0 -MT"src/helloworld.o" -I../../hello_dna_bsp/psu_cortexa53_0/include -MMD -MP -MF"src/helloworld.d" -MT"src/helloworld.o" -o "src/helloworld.o" "../src/helloworld.c"
In file included from ../../hello_dna_bsp/psu_cortexa53_0/include/xil_printf.h:12:0,
                 from ../src/helloworld.c:50:
../src/helloworld.c: In function 'main':
../../hello_dna_bsp/psu_cortexa53_0/include/xparameters.h:590:38: warning: passing argument 1 of 'AXI_DNA_Reg_SelfTest' makes pointer from integer without a cast [-Wint-conversion]
 #define XPAR_AXI_DNA_V1_0_0_BASEADDR 0xA0000000
                                      ^
../src/helloworld.c:63:26: note: in expansion of macro 'XPAR_AXI_DNA_V1_0_0_BASEADDR'
     AXI_DNA_Reg_SelfTest(XPAR_AXI_DNA_V1_0_0_BASEADDR);
                          ^~~~~~~~~~~~~~~~~~~~~~~~~~~~
In file included from ../src/helloworld.c:53:0:
../src/AXI_DNA.h:77:9: note: expected 'void *' but argument is of type 'unsigned int'
 XStatus AXI_DNA_Reg_SelfTest(void * baseaddr_p);
         ^~~~~~~~~~~~~~~~~~~~
../src/helloworld.c: In function 'AXI_DNA_Reg_SelfTest':
../src/helloworld.c:76:13: warning: cast from pointer to integer of different size [-Wpointer-to-int-cast]
  baseaddr = (u32) baseaddr_p;
             ^
../src/helloworld.c:74:6: warning: unused variable 'Index' [-Wunused-variable]
  int Index;
      ^~~~~
Finished building: ../src/helloworld.c
 
Building target: hello_dna.elf
Invoking: ARM v8 gcc linker
aarch64-none-elf-gcc -Wl,-T -Wl,../src/lscript.ld -L../../hello_dna_bsp/psu_cortexa53_0/lib -o "hello_dna.elf"  ./src/AXI_DNA.o ./src/AXI_DNA_selftest.o ./src/helloworld.o ./src/platform.o   -Wl,--start-group,-lxil,-lgcc,-lc,--end-group
Finished building target: hello_dna.elf
 
Invoking: ARM v8 Print Size
aarch64-none-elf-size hello_dna.elf  |tee "hello_dna.elf.size"
   text	   data	    bss	    dec	    hex	filename
  33684	   2352	  20632	  56668	   dd5c	hello_dna.elf
Finished building: hello_dna.elf.size
 
17:03:32 **** Incremental Build of configuration Debug for project hello_dna ****
make all 
make: Nothing to be done for 'all'.
17:04:34 **** Auto Build of configuration Debug for project hello_dna ****
make all 
Building file: ../src/helloworld.c
Invoking: ARM v8 gcc compiler
aarch64-none-elf-gcc -Wall -O0 -g3 -c -fmessage-length=0 -MT"src/helloworld.o" -I../../hello_dna_bsp/psu_cortexa53_0/include -MMD -MP -MF"src/helloworld.d" -MT"src/helloworld.o" -o "src/helloworld.o" "../src/helloworld.c"
In file included from ../../hello_dna_bsp/psu_cortexa53_0/include/xil_printf.h:12:0,
                 from ../src/helloworld.c:50:
../src/helloworld.c: In function 'main':
../../hello_dna_bsp/psu_cortexa53_0/include/xparameters.h:590:38: warning: passing argument 1 of 'AXI_DNA_Reg_SelfTest' makes pointer from integer without a cast [-Wint-conversion]
 #define XPAR_AXI_DNA_V1_0_0_BASEADDR 0xA0000000
                                      ^
../src/helloworld.c:63:26: note: in expansion of macro 'XPAR_AXI_DNA_V1_0_0_BASEADDR'
     AXI_DNA_Reg_SelfTest(XPAR_AXI_DNA_V1_0_0_BASEADDR);
                          ^~~~~~~~~~~~~~~~~~~~~~~~~~~~
In file included from ../src/helloworld.c:53:0:
../src/AXI_DNA.h:77:9: note: expected 'void *' but argument is of type 'unsigned int'
 XStatus AXI_DNA_Reg_SelfTest(void * baseaddr_p);
         ^~~~~~~~~~~~~~~~~~~~
../src/helloworld.c: In function 'AXI_DNA_Reg_SelfTest':
../src/helloworld.c:76:13: warning: cast from pointer to integer of different size [-Wpointer-to-int-cast]
  baseaddr = (u32) baseaddr_p;
             ^
../src/helloworld.c:74:6: warning: unused variable 'Index' [-Wunused-variable]
  int Index;
      ^~~~~
Finished building: ../src/helloworld.c
 
Building target: hello_dna.elf
Invoking: ARM v8 gcc linker
aarch64-none-elf-gcc -Wl,-T -Wl,../src/lscript.ld -L../../hello_dna_bsp/psu_cortexa53_0/lib -o "hello_dna.elf"  ./src/AXI_DNA.o ./src/AXI_DNA_selftest.o ./src/helloworld.o ./src/platform.o   -Wl,--start-group,-lxil,-lgcc,-lc,--end-group
Finished building target: hello_dna.elf
 
Invoking: ARM v8 Print Size
aarch64-none-elf-size hello_dna.elf  |tee "hello_dna.elf.size"
   text	   data	    bss	    dec	    hex	filename
  33684	   2352	  20632	  56668	   dd5c	hello_dna.elf
Finished building: hello_dna.elf.size
 
17:05:59 **** Auto Build of configuration Debug for project hello_dna ****
make all 
Building file: ../src/AXI_DNA_selftest.c
Invoking: ARM v8 gcc compiler
aarch64-none-elf-gcc -Wall -O0 -g3 -c -fmessage-length=0 -MT"src/AXI_DNA_selftest.o" -I../../hello_dna_bsp/psu_cortexa53_0/include -MMD -MP -MF"src/AXI_DNA_selftest.d" -MT"src/AXI_DNA_selftest.o" -o "src/AXI_DNA_selftest.o" "../src/AXI_DNA_selftest.c"
../src/AXI_DNA_selftest.c: In function 'ZYNQ_AXI_DNA_Reg_SelfTest':
../src/AXI_DNA_selftest.c:38:13: warning: cast from pointer to integer of different size [-Wpointer-to-int-cast]
  baseaddr = (u32) baseaddr_p;
             ^
../src/AXI_DNA_selftest.c:50:4: warning: implicit declaration of function 'ZYNQ_AXI_DNA_mWriteReg'; did you mean 'AXI_DNA_mWriteReg'? [-Wimplicit-function-declaration]
    ZYNQ_AXI_DNA_mWriteReg (baseaddr, write_loop_index*4, (write_loop_index+1)*READ_WRITE_MUL_FACTOR);
    ^~~~~~~~~~~~~~~~~~~~~~
    AXI_DNA_mWriteReg
../src/AXI_DNA_selftest.c:52:9: warning: implicit declaration of function 'ZYNQ_AXI_DNA_mReadReg'; did you mean 'AXI_DNA_mReadReg'? [-Wimplicit-function-declaration]
    if ( ZYNQ_AXI_DNA_mReadReg (baseaddr, read_loop_index*4) != (read_loop_index+1)*READ_WRITE_MUL_FACTOR){
         ^~~~~~~~~~~~~~~~~~~~~
         AXI_DNA_mReadReg
../src/AXI_DNA_selftest.c:36:6: warning: unused variable 'Index' [-Wunused-variable]
  int Index;
      ^~~~~
Finished building: ../src/AXI_DNA_selftest.c
 
Building target: hello_dna.elf
Invoking: ARM v8 gcc linker
aarch64-none-elf-gcc -Wl,-T -Wl,../src/lscript.ld -L../../hello_dna_bsp/psu_cortexa53_0/lib -o "hello_dna.elf"  ./src/AXI_DNA.o ./src/AXI_DNA_selftest.o ./src/helloworld.o ./src/platform.o   -Wl,--start-group,-lxil,-lgcc,-lc,--end-group
./src/AXI_DNA_selftest.o: In function `ZYNQ_AXI_DNA_Reg_SelfTest':
/home/alex/GitHub/zynq-dna/zynq-dna.sdk/hello_dna/Debug/../src/AXI_DNA_selftest.c:50: undefined reference to `ZYNQ_AXI_DNA_mWriteReg'
/home/alex/GitHub/zynq-dna/zynq-dna.sdk/hello_dna/Debug/../src/AXI_DNA_selftest.c:52: undefined reference to `ZYNQ_AXI_DNA_mReadReg'
collect2: error: ld returned 1 exit status
makefile:36: recipe for target 'hello_dna.elf' failed
make: *** [hello_dna.elf] Error 1
17:06:08 **** Auto Build of configuration Debug for project hello_dna ****
make all 
Building file: ../src/AXI_DNA_selftest.c
Invoking: ARM v8 gcc compiler
aarch64-none-elf-gcc -Wall -O0 -g3 -c -fmessage-length=0 -MT"src/AXI_DNA_selftest.o" -I../../hello_dna_bsp/psu_cortexa53_0/include -MMD -MP -MF"src/AXI_DNA_selftest.d" -MT"src/AXI_DNA_selftest.o" -o "src/AXI_DNA_selftest.o" "../src/AXI_DNA_selftest.c"
../src/AXI_DNA_selftest.c: In function 'AXI_DNA_Reg_SelfTest':
../src/AXI_DNA_selftest.c:37:13: warning: cast from pointer to integer of different size [-Wpointer-to-int-cast]
  baseaddr = (u32) baseaddr_p;
             ^
Finished building: ../src/AXI_DNA_selftest.c
 
Building target: hello_dna.elf
Invoking: ARM v8 gcc linker
aarch64-none-elf-gcc -Wl,-T -Wl,../src/lscript.ld -L../../hello_dna_bsp/psu_cortexa53_0/lib -o "hello_dna.elf"  ./src/AXI_DNA.o ./src/AXI_DNA_selftest.o ./src/helloworld.o ./src/platform.o   -Wl,--start-group,-lxil,-lgcc,-lc,--end-group
./src/helloworld.o: In function `AXI_DNA_Reg_SelfTest':
/home/alex/GitHub/zynq-dna/zynq-dna.sdk/hello_dna/Debug/../src/helloworld.c:70: multiple definition of `AXI_DNA_Reg_SelfTest'
./src/AXI_DNA_selftest.o:/home/alex/GitHub/zynq-dna/zynq-dna.sdk/hello_dna/Debug/../src/AXI_DNA_selftest.c:32: first defined here
makefile:36: recipe for target 'hello_dna.elf' failed
collect2: error: ld returned 1 exit status
make: *** [hello_dna.elf] Error 1
17:06:29 **** Auto Build of configuration Debug for project hello_dna ****
make all 
Building file: ../src/helloworld.c
Invoking: ARM v8 gcc compiler
aarch64-none-elf-gcc -Wall -O0 -g3 -c -fmessage-length=0 -MT"src/helloworld.o" -I../../hello_dna_bsp/psu_cortexa53_0/include -MMD -MP -MF"src/helloworld.d" -MT"src/helloworld.o" -o "src/helloworld.o" "../src/helloworld.c"
../src/helloworld.c: In function 'main':
../src/helloworld.c:10:24: error: 'XPAR_AXI_DNA_0_S00_AXI_BASEADDR' undeclared (first use in this function); did you mean 'XPAR_AXI_DNA_V1_0_0_BASEADDR'?
   AXI_DNA_Reg_SelfTest(XPAR_AXI_DNA_0_S00_AXI_BASEADDR);
                        ^~~~~~~~~~~~~~~~~~~~~~~~~~~~~~~
                        XPAR_AXI_DNA_V1_0_0_BASEADDR
../src/helloworld.c:10:24: note: each undeclared identifier is reported only once for each function it appears in
src/subdir.mk:30: recipe for target 'src/helloworld.o' failed
make: *** [src/helloworld.o] Error 1
17:07:08 **** Auto Build of configuration Debug for project hello_dna ****
make all 
Building file: ../src/AXI_DNA.c
Invoking: ARM v8 gcc compiler
aarch64-none-elf-gcc -Wall -O0 -g3 -c -fmessage-length=0 -MT"src/AXI_DNA.o" -I../../hello_dna_bsp/psu_cortexa53_0/include -MMD -MP -MF"src/AXI_DNA.d" -MT"src/AXI_DNA.o" -o "src/AXI_DNA.o" "../src/AXI_DNA.c"
Finished building: ../src/AXI_DNA.c
 
Building file: ../src/AXI_DNA_selftest.c
Invoking: ARM v8 gcc compiler
aarch64-none-elf-gcc -Wall -O0 -g3 -c -fmessage-length=0 -MT"src/AXI_DNA_selftest.o" -I../../hello_dna_bsp/psu_cortexa53_0/include -MMD -MP -MF"src/AXI_DNA_selftest.d" -MT"src/AXI_DNA_selftest.o" -o "src/AXI_DNA_selftest.o" "../src/AXI_DNA_selftest.c"
../src/AXI_DNA_selftest.c: In function 'AXI_DNA_Reg_SelfTest':
../src/AXI_DNA_selftest.c:37:13: warning: cast from pointer to integer of different size [-Wpointer-to-int-cast]
  baseaddr = (u32) baseaddr_p;
             ^
Finished building: ../src/AXI_DNA_selftest.c
 
Building file: ../src/helloworld.c
Invoking: ARM v8 gcc compiler
aarch64-none-elf-gcc -Wall -O0 -g3 -c -fmessage-length=0 -MT"src/helloworld.o" -I../../hello_dna_bsp/psu_cortexa53_0/include -MMD -MP -MF"src/helloworld.d" -MT"src/helloworld.o" -o "src/helloworld.o" "../src/helloworld.c"
../src/helloworld.c: In function 'main':
../src/helloworld.c:10:24: error: 'XPAR_AXI_DNA_0_S00_AXI_BASEADDR' undeclared (first use in this function); did you mean 'XPAR_AXI_DNA_V1_0_0_BASEADDR'?
   AXI_DNA_Reg_SelfTest(XPAR_AXI_DNA_0_S00_AXI_BASEADDR);
                        ^~~~~~~~~~~~~~~~~~~~~~~~~~~~~~~
                        XPAR_AXI_DNA_V1_0_0_BASEADDR
../src/helloworld.c:10:24: note: each undeclared identifier is reported only once for each function it appears in
make: *** [src/helloworld.o] Error 1
src/subdir.mk:30: recipe for target 'src/helloworld.o' failed
17:07:38 **** Auto Build of configuration Debug for project hello_dna ****
make all 
Building file: ../src/helloworld.c
Invoking: ARM v8 gcc compiler
aarch64-none-elf-gcc -Wall -O0 -g3 -c -fmessage-length=0 -MT"src/helloworld.o" -I../../hello_dna_bsp/psu_cortexa53_0/include -MMD -MP -MF"src/helloworld.d" -MT"src/helloworld.o" -o "src/helloworld.o" "../src/helloworld.c"
In file included from ../src/helloworld.c:3:0:
../src/helloworld.c: In function 'main':
../../hello_dna_bsp/psu_cortexa53_0/include/xparameters.h:590:38: warning: passing argument 1 of 'AXI_DNA_Reg_SelfTest' makes pointer from integer without a cast [-Wint-conversion]
 #define XPAR_AXI_DNA_V1_0_0_BASEADDR 0xA0000000
                                      ^
../src/helloworld.c:10:24: note: in expansion of macro 'XPAR_AXI_DNA_V1_0_0_BASEADDR'
   AXI_DNA_Reg_SelfTest(XPAR_AXI_DNA_V1_0_0_BASEADDR);
                        ^~~~~~~~~~~~~~~~~~~~~~~~~~~~
In file included from ../src/helloworld.c:5:0:
../src/AXI_DNA.h:77:9: note: expected 'void *' but argument is of type 'unsigned int'
 XStatus AXI_DNA_Reg_SelfTest(void * baseaddr_p);
         ^~~~~~~~~~~~~~~~~~~~
Finished building: ../src/helloworld.c
 
Building target: hello_dna.elf
Invoking: ARM v8 gcc linker
aarch64-none-elf-gcc -Wl,-T -Wl,../src/lscript.ld -L../../hello_dna_bsp/psu_cortexa53_0/lib -o "hello_dna.elf"  ./src/AXI_DNA.o ./src/AXI_DNA_selftest.o ./src/helloworld.o ./src/platform.o   -Wl,--start-group,-lxil,-lgcc,-lc,--end-group
Finished building target: hello_dna.elf
 
Invoking: ARM v8 Print Size
aarch64-none-elf-size hello_dna.elf  |tee "hello_dna.elf.size"
   text	   data	    bss	    dec	    hex	filename
  33308	   2352	  20624	  56284	   dbdc	hello_dna.elf
Finished building: hello_dna.elf.size
 
17:07:44 **** Incremental Build of configuration Debug for project hello_dna ****
make all 
make: Nothing to be done for 'all'.
